21:05:04 **** Build of project Consolidated_330_SW_bsp ****
make -k all 
"Running Make include in ps7_cortexa9_0/libsrc/axi_dispctrl_v1_00_a/src"
make -C ps7_cortexa9_0/libsrc/axi_dispctrl_v1_00_a/src -s include  "SHELL=CMD" "COMPILER=arm-xilinx-eabi-gcc" "ARCHIVER=arm-xilinx-eabi-ar" "COMPILER_FLAGS=  -O2 -c" "EXTRA_COMPILER_FLAGS=-g"
"Running Make include in ps7_cortexa9_0/libsrc/axi_i2s_adi_v1_00_a/src"
make -C ps7_cortexa9_0/libsrc/axi_i2s_adi_v1_00_a/src -s include  "SHELL=CMD" "COMPILER=arm-xilinx-eabi-gcc" "ARCHIVER=arm-xilinx-eabi-ar" "COMPILER_FLAGS=  -O2 -c" "EXTRA_COMPILER_FLAGS=-g"
"Running Make include in ps7_cortexa9_0/libsrc/axivdma_v5_0/src"
make -C ps7_cortexa9_0/libsrc/axivdma_v5_0/src -s include  "SHELL=CMD" "COMPILER=arm-xilinx-eabi-gcc" "ARCHIVER=arm-xilinx-eabi-ar" "COMPILER_FLAGS=  -O2 -c" "EXTRA_COMPILER_FLAGS=-g"
"Running Make include in ps7_cortexa9_0/libsrc/common_v1_00_a/src"
make -C ps7_cortexa9_0/libsrc/common_v1_00_a/src -s include  "SHELL=CMD" "COMPILER=arm-xilinx-eabi-gcc" "ARCHIVER=arm-xilinx-eabi-ar" "COMPILER_FLAGS=  -O2 -c" "EXTRA_COMPILER_FLAGS=-g"
"Running Make include in ps7_cortexa9_0/libsrc/cpu_cortexa9_v2_0/src"
make -C ps7_cortexa9_0/libsrc/cpu_cortexa9_v2_0/src -s include  "SHELL=CMD" "COMPILER=arm-xilinx-eabi-gcc" "ARCHIVER=arm-xilinx-eabi-ar" "COMPILER_FLAGS=  -O2 -c" "EXTRA_COMPILER_FLAGS=-g"
"Running Make include in ps7_cortexa9_0/libsrc/devcfg_v3_1/src"
make -C ps7_cortexa9_0/libsrc/devcfg_v3_1/src -s include  "SHELL=CMD" "COMPILER=arm-xilinx-eabi-gcc" "ARCHIVER=arm-xilinx-eabi-ar" "COMPILER_FLAGS=  -O2 -c" "EXTRA_COMPILER_FLAGS=-g"
"Running Make include in ps7_cortexa9_0/libsrc/dmaps_v2_0/src"
make -C ps7_cortexa9_0/libsrc/dmaps_v2_0/src -s include  "SHELL=CMD" "COMPILER=arm-xilinx-eabi-gcc" "ARCHIVER=arm-xilinx-eabi-ar" "COMPILER_FLAGS=  -O2 -c" "EXTRA_COMPILER_FLAGS=-g"
"Running Make include in ps7_cortexa9_0/libsrc/emacps_v2_0/src"
make -C ps7_cortexa9_0/libsrc/emacps_v2_0/src -s include  "SHELL=CMD" "COMPILER=arm-xilinx-eabi-gcc" "ARCHIVER=arm-xilinx-eabi-ar" "COMPILER_FLAGS=  -O2 -c" "EXTRA_COMPILER_FLAGS=-g"
"Running Make include in ps7_cortexa9_0/libsrc/gpio_v4_0/src"
make -C ps7_cortexa9_0/libsrc/gpio_v4_0/src -s include  "SHELL=CMD" "COMPILER=arm-xilinx-eabi-gcc" "ARCHIVER=arm-xilinx-eabi-ar" "COMPILER_FLAGS=  -O2 -c" "EXTRA_COMPILER_FLAGS=-g"
"Running Make include in ps7_cortexa9_0/libsrc/gpiops_v2_1/src"
make -C ps7_cortexa9_0/libsrc/gpiops_v2_1/src -s include  "SHELL=CMD" "COMPILER=arm-xilinx-eabi-gcc" "ARCHIVER=arm-xilinx-eabi-ar" "COMPILER_FLAGS=  -O2 -c" "EXTRA_COMPILER_FLAGS=-g"
"Running Make include in ps7_cortexa9_0/libsrc/iicps_v2_1/src"
make -C ps7_cortexa9_0/libsrc/iicps_v2_1/src -s include  "SHELL=CMD" "COMPILER=arm-xilinx-eabi-gcc" "ARCHIVER=arm-xilinx-eabi-ar" "COMPILER_FLAGS=  -O2 -c" "EXTRA_COMPILER_FLAGS=-g"
"Running Make include in ps7_cortexa9_0/libsrc/qspips_v3_0/src"
make -C ps7_cortexa9_0/libsrc/qspips_v3_0/src -s include  "SHELL=CMD" "COMPILER=arm-xilinx-eabi-gcc" "ARCHIVER=arm-xilinx-eabi-ar" "COMPILER_FLAGS=  -O2 -c" "EXTRA_COMPILER_FLAGS=-g"
"Running Make include in ps7_cortexa9_0/libsrc/scugic_v2_1/src"
make -C ps7_cortexa9_0/libsrc/scugic_v2_1/src -s include  "SHELL=CMD" "COMPILER=arm-xilinx-eabi-gcc" "ARCHIVER=arm-xilinx-eabi-ar" "COMPILER_FLAGS=  -O2 -c" "EXTRA_COMPILER_FLAGS=-g"
"Running Make include in ps7_cortexa9_0/libsrc/scutimer_v2_0/src"
make -C ps7_cortexa9_0/libsrc/scutimer_v2_0/src -s include  "SHELL=CMD" "COMPILER=arm-xilinx-eabi-gcc" "ARCHIVER=arm-xilinx-eabi-ar" "COMPILER_FLAGS=  -O2 -c" "EXTRA_COMPILER_FLAGS=-g"
"Running Make include in ps7_cortexa9_0/libsrc/scuwdt_v2_0/src"
make -C ps7_cortexa9_0/libsrc/scuwdt_v2_0/src -s include  "SHELL=CMD" "COMPILER=arm-xilinx-eabi-gcc" "ARCHIVER=arm-xilinx-eabi-ar" "COMPILER_FLAGS=  -O2 -c" "EXTRA_COMPILER_FLAGS=-g"
"Running Make include in ps7_cortexa9_0/libsrc/sdps_v2_1/src"
make -C ps7_cortexa9_0/libsrc/sdps_v2_1/src -s include  "SHELL=CMD" "COMPILER=arm-xilinx-eabi-gcc" "ARCHIVER=arm-xilinx-eabi-ar" "COMPILER_FLAGS=  -O2 -c" "EXTRA_COMPILER_FLAGS=-g"
"Running Make include in ps7_cortexa9_0/libsrc/spi_v4_0/src"
make -C ps7_cortexa9_0/libsrc/spi_v4_0/src -s include  "SHELL=CMD" "COMPILER=arm-xilinx-eabi-gcc" "ARCHIVER=arm-xilinx-eabi-ar" "COMPILER_FLAGS=  -O2 -c" "EXTRA_COMPILER_FLAGS=-g"
"Running Make include in ps7_cortexa9_0/libsrc/standalone_v4_1/src"
make -C ps7_cortexa9_0/libsrc/standalone_v4_1/src -s include  "SHELL=CMD" "COMPILER=arm-xilinx-eabi-gcc" "ARCHIVER=arm-xilinx-eabi-ar" "COMPILER_FLAGS=  -O2 -c" "EXTRA_COMPILER_FLAGS=-g"
"Running Make include in ps7_cortexa9_0/libsrc/sysmon_v6_0/src"
make -C ps7_cortexa9_0/libsrc/sysmon_v6_0/src -s include  "SHELL=CMD" "COMPILER=arm-xilinx-eabi-gcc" "ARCHIVER=arm-xilinx-eabi-ar" "COMPILER_FLAGS=  -O2 -c" "EXTRA_COMPILER_FLAGS=-g"
"Running Make include in ps7_cortexa9_0/libsrc/tmrctr_v3_0/src"
make -C ps7_cortexa9_0/libsrc/tmrctr_v3_0/src -s include  "SHELL=CMD" "COMPILER=arm-xilinx-eabi-gcc" "ARCHIVER=arm-xilinx-eabi-ar" "COMPILER_FLAGS=  -O2 -c" "EXTRA_COMPILER_FLAGS=-g"
"Running Make include in ps7_cortexa9_0/libsrc/uartlite_v3_0/src"
make -C ps7_cortexa9_0/libsrc/uartlite_v3_0/src -s include  "SHELL=CMD" "COMPILER=arm-xilinx-eabi-gcc" "ARCHIVER=arm-xilinx-eabi-ar" "COMPILER_FLAGS=  -O2 -c" "EXTRA_COMPILER_FLAGS=-g"
"Running Make include in ps7_cortexa9_0/libsrc/uartps_v2_1/src"
make -C ps7_cortexa9_0/libsrc/uartps_v2_1/src -s include  "SHELL=CMD" "COMPILER=arm-xilinx-eabi-gcc" "ARCHIVER=arm-xilinx-eabi-ar" "COMPILER_FLAGS=  -O2 -c" "EXTRA_COMPILER_FLAGS=-g"
"Running Make include in ps7_cortexa9_0/libsrc/usbps_v2_1/src"
make -C ps7_cortexa9_0/libsrc/usbps_v2_1/src -s include  "SHELL=CMD" "COMPILER=arm-xilinx-eabi-gcc" "ARCHIVER=arm-xilinx-eabi-ar" "COMPILER_FLAGS=  -O2 -c" "EXTRA_COMPILER_FLAGS=-g"
"Running Make include in ps7_cortexa9_0/libsrc/xadcps_v2_0/src"
make -C ps7_cortexa9_0/libsrc/xadcps_v2_0/src -s include  "SHELL=CMD" "COMPILER=arm-xilinx-eabi-gcc" "ARCHIVER=arm-xilinx-eabi-ar" "COMPILER_FLAGS=  -O2 -c" "EXTRA_COMPILER_FLAGS=-g"
"Running Make libs in ps7_cortexa9_0/libsrc/axi_dispctrl_v1_00_a/src"
make -C ps7_cortexa9_0/libsrc/axi_dispctrl_v1_00_a/src -s libs  "SHELL=CMD" "COMPILER=arm-xilinx-eabi-gcc" "ARCHIVER=arm-xilinx-eabi-ar" "COMPILER_FLAGS=  -O2 -c" "EXTRA_COMPILER_FLAGS=-g"
"Compiling axi_dispctrl..."
In file included from axi_dispctrl.h:7:0,
                 from axi_dispctrl.c:4:
../../../include/xbasic_types.h:124:2: warning: #warning The xbasics_type.h file is deprecated and users should use xil_types.h and xil_assert. [-Wcpp]
 #warning  The xbasics_type.h file is deprecated and users should use xil_types.h and xil_assert.
  ^
../../../include/xbasic_types.h:125:2: warning: #warning Please refer the Standalone BSP UG647 for further details [-Wcpp]
 #warning  Please refer the Standalone BSP UG647 for further details
  ^
In file included from axi_dispctrl.h:7:0,
                 from axi_dispctrl_selftest.c:3:
../../../include/xbasic_types.h:124:2: warning: #warning The xbasics_type.h file is deprecated and users should use xil_types.h and xil_assert. [-Wcpp]
 #warning  The xbasics_type.h file is deprecated and users should use xil_types.h and xil_assert.
  ^
../../../include/xbasic_types.h:125:2: warning: #warning Please refer the Standalone BSP UG647 for further details [-Wcpp]
 #warning  Please refer the Standalone BSP UG647 for further details
  ^
"Running Make libs in ps7_cortexa9_0/libsrc/axi_i2s_adi_v1_00_a/src"
make -C ps7_cortexa9_0/libsrc/axi_i2s_adi_v1_00_a/src -s libs  "SHELL=CMD" "COMPILER=arm-xilinx-eabi-gcc" "ARCHIVER=arm-xilinx-eabi-ar" "COMPILER_FLAGS=  -O2 -c" "EXTRA_COMPILER_FLAGS=-g"
"Compiling axi_i2s_adi..."
In file included from axi_i2s_adi.h:7:0,
                 from axi_i2s_adi.c:4:
../../../include/xbasic_types.h:124:2: warning: #warning The xbasics_type.h file is deprecated and users should use xil_types.h and xil_assert. [-Wcpp]
 #warning  The xbasics_type.h file is deprecated and users should use xil_types.h and xil_assert.
  ^
../../../include/xbasic_types.h:125:2: warning: #warning Please refer the Standalone BSP UG647 for further details [-Wcpp]
 #warning  Please refer the Standalone BSP UG647 for further details
  ^
In file included from axi_i2s_adi.h:7:0,
                 from axi_i2s_adi_selftest.c:3:
../../../include/xbasic_types.h:124:2: warning: #warning The xbasics_type.h file is deprecated and users should use xil_types.h and xil_assert. [-Wcpp]
 #warning  The xbasics_type.h file is deprecated and users should use xil_types.h and xil_assert.
  ^
../../../include/xbasic_types.h:125:2: warning: #warning Please refer the Standalone BSP UG647 for further details [-Wcpp]
 #warning  Please refer the Standalone BSP UG647 for further details
  ^
"Running Make libs in ps7_cortexa9_0/libsrc/axivdma_v5_0/src"
make -C ps7_cortexa9_0/libsrc/axivdma_v5_0/src -s libs  "SHELL=CMD" "COMPILER=arm-xilinx-eabi-gcc" "ARCHIVER=arm-xilinx-eabi-ar" "COMPILER_FLAGS=  -O2 -c" "EXTRA_COMPILER_FLAGS=-g"
"Compiling axivdma"
"Running Make libs in ps7_cortexa9_0/libsrc/common_v1_00_a/src"
make -C ps7_cortexa9_0/libsrc/common_v1_00_a/src -s libs  "SHELL=CMD" "COMPILER=arm-xilinx-eabi-gcc" "ARCHIVER=arm-xilinx-eabi-ar" "COMPILER_FLAGS=  -O2 -c" "EXTRA_COMPILER_FLAGS=-g"
"Compiling common"
"Running Make libs in ps7_cortexa9_0/libsrc/cpu_cortexa9_v2_0/src"
make -C ps7_cortexa9_0/libsrc/cpu_cortexa9_v2_0/src -s libs  "SHELL=CMD" "COMPILER=arm-xilinx-eabi-gcc" "ARCHIVER=arm-xilinx-eabi-ar" "COMPILER_FLAGS=  -O2 -c" "EXTRA_COMPILER_FLAGS=-g"
"Compiling cpu_cortexa9"
"Running Make libs in ps7_cortexa9_0/libsrc/devcfg_v3_1/src"
make -C ps7_cortexa9_0/libsrc/devcfg_v3_1/src -s libs  "SHELL=CMD" "COMPILER=arm-xilinx-eabi-gcc" "ARCHIVER=arm-xilinx-eabi-ar" "COMPILER_FLAGS=  -O2 -c" "EXTRA_COMPILER_FLAGS=-g"
"Compiling devcfg"
"Running Make libs in ps7_cortexa9_0/libsrc/dmaps_v2_0/src"
make -C ps7_cortexa9_0/libsrc/dmaps_v2_0/src -s libs  "SHELL=CMD" "COMPILER=arm-xilinx-eabi-gcc" "ARCHIVER=arm-xilinx-eabi-ar" "COMPILER_FLAGS=  -O2 -c" "EXTRA_COMPILER_FLAGS=-g"
"Compiling dmaps"
"Running Make libs in ps7_cortexa9_0/libsrc/emacps_v2_0/src"
make -C ps7_cortexa9_0/libsrc/emacps_v2_0/src -s libs  "SHELL=CMD" "COMPILER=arm-xilinx-eabi-gcc" "ARCHIVER=arm-xilinx-eabi-ar" "COMPILER_FLAGS=  -O2 -c" "EXTRA_COMPILER_FLAGS=-g"
"Compiling emacps"
"Running Make libs in ps7_cortexa9_0/libsrc/gpio_v4_0/src"
make -C ps7_cortexa9_0/libsrc/gpio_v4_0/src -s libs  "SHELL=CMD" "COMPILER=arm-xilinx-eabi-gcc" "ARCHIVER=arm-xilinx-eabi-ar" "COMPILER_FLAGS=  -O2 -c" "EXTRA_COMPILER_FLAGS=-g"
"Compiling gpio"
"Running Make libs in ps7_cortexa9_0/libsrc/gpiops_v2_1/src"
make -C ps7_cortexa9_0/libsrc/gpiops_v2_1/src -s libs  "SHELL=CMD" "COMPILER=arm-xilinx-eabi-gcc" "ARCHIVER=arm-xilinx-eabi-ar" "COMPILER_FLAGS=  -O2 -c" "EXTRA_COMPILER_FLAGS=-g"
"Compiling gpiops"
"Running Make libs in ps7_cortexa9_0/libsrc/iicps_v2_1/src"
make -C ps7_cortexa9_0/libsrc/iicps_v2_1/src -s libs  "SHELL=CMD" "COMPILER=arm-xilinx-eabi-gcc" "ARCHIVER=arm-xilinx-eabi-ar" "COMPILER_FLAGS=  -O2 -c" "EXTRA_COMPILER_FLAGS=-g"
"Compiling iicps"
"Running Make libs in ps7_cortexa9_0/libsrc/qspips_v3_0/src"
make -C ps7_cortexa9_0/libsrc/qspips_v3_0/src -s libs  "SHELL=CMD" "COMPILER=arm-xilinx-eabi-gcc" "ARCHIVER=arm-xilinx-eabi-ar" "COMPILER_FLAGS=  -O2 -c" "EXTRA_COMPILER_FLAGS=-g"
"Compiling qspips"
"Running Make libs in ps7_cortexa9_0/libsrc/scugic_v2_1/src"
make -C ps7_cortexa9_0/libsrc/scugic_v2_1/src -s libs  "SHELL=CMD" "COMPILER=arm-xilinx-eabi-gcc" "ARCHIVER=arm-xilinx-eabi-ar" "COMPILER_FLAGS=  -O2 -c" "EXTRA_COMPILER_FLAGS=-g"
"Compiling scugic"
"Running Make libs in ps7_cortexa9_0/libsrc/scutimer_v2_0/src"
make -C ps7_cortexa9_0/libsrc/scutimer_v2_0/src -s libs  "SHELL=CMD" "COMPILER=arm-xilinx-eabi-gcc" "ARCHIVER=arm-xilinx-eabi-ar" "COMPILER_FLAGS=  -O2 -c" "EXTRA_COMPILER_FLAGS=-g"
"Compiling scutimer"
"Running Make libs in ps7_cortexa9_0/libsrc/scuwdt_v2_0/src"
make -C ps7_cortexa9_0/libsrc/scuwdt_v2_0/src -s libs  "SHELL=CMD" "COMPILER=arm-xilinx-eabi-gcc" "ARCHIVER=arm-xilinx-eabi-ar" "COMPILER_FLAGS=  -O2 -c" "EXTRA_COMPILER_FLAGS=-g"
"Compiling scuwdt"
"Running Make libs in ps7_cortexa9_0/libsrc/sdps_v2_1/src"
make -C ps7_cortexa9_0/libsrc/sdps_v2_1/src -s libs  "SHELL=CMD" "COMPILER=arm-xilinx-eabi-gcc" "ARCHIVER=arm-xilinx-eabi-ar" "COMPILER_FLAGS=  -O2 -c" "EXTRA_COMPILER_FLAGS=-g"
"Compiling sdps"
"Running Make libs in ps7_cortexa9_0/libsrc/spi_v4_0/src"
make -C ps7_cortexa9_0/libsrc/spi_v4_0/src -s libs  "SHELL=CMD" "COMPILER=arm-xilinx-eabi-gcc" "ARCHIVER=arm-xilinx-eabi-ar" "COMPILER_FLAGS=  -O2 -c" "EXTRA_COMPILER_FLAGS=-g"
"Compiling spi"
"Running Make libs in ps7_cortexa9_0/libsrc/standalone_v4_1/src"
make -C ps7_cortexa9_0/libsrc/standalone_v4_1/src -s libs  "SHELL=CMD" "COMPILER=arm-xilinx-eabi-gcc" "ARCHIVER=arm-xilinx-eabi-ar" "COMPILER_FLAGS=  -O2 -c" "EXTRA_COMPILER_FLAGS=-g"
"Compiling standalone"
"Running Make libs in ps7_cortexa9_0/libsrc/sysmon_v6_0/src"
make -C ps7_cortexa9_0/libsrc/sysmon_v6_0/src -s libs  "SHELL=CMD" "COMPILER=arm-xilinx-eabi-gcc" "ARCHIVER=arm-xilinx-eabi-ar" "COMPILER_FLAGS=  -O2 -c" "EXTRA_COMPILER_FLAGS=-g"
"Compiling sysmon"
"Running Make libs in ps7_cortexa9_0/libsrc/tmrctr_v3_0/src"
make -C ps7_cortexa9_0/libsrc/tmrctr_v3_0/src -s libs  "SHELL=CMD" "COMPILER=arm-xilinx-eabi-gcc" "ARCHIVER=arm-xilinx-eabi-ar" "COMPILER_FLAGS=  -O2 -c" "EXTRA_COMPILER_FLAGS=-g"
"Compiling tmrctr"
"Running Make libs in ps7_cortexa9_0/libsrc/uartlite_v3_0/src"
make -C ps7_cortexa9_0/libsrc/uartlite_v3_0/src -s libs  "SHELL=CMD" "COMPILER=arm-xilinx-eabi-gcc" "ARCHIVER=arm-xilinx-eabi-ar" "COMPILER_FLAGS=  -O2 -c" "EXTRA_COMPILER_FLAGS=-g"
"Compiling uartlite"
"Running Make libs in ps7_cortexa9_0/libsrc/uartps_v2_1/src"
make -C ps7_cortexa9_0/libsrc/uartps_v2_1/src -s libs  "SHELL=CMD" "COMPILER=arm-xilinx-eabi-gcc" "ARCHIVER=arm-xilinx-eabi-ar" "COMPILER_FLAGS=  -O2 -c" "EXTRA_COMPILER_FLAGS=-g"
"Compiling uartps"
"Running Make libs in ps7_cortexa9_0/libsrc/usbps_v2_1/src"
make -C ps7_cortexa9_0/libsrc/usbps_v2_1/src -s libs  "SHELL=CMD" "COMPILER=arm-xilinx-eabi-gcc" "ARCHIVER=arm-xilinx-eabi-ar" "COMPILER_FLAGS=  -O2 -c" "EXTRA_COMPILER_FLAGS=-g"
"Compiling usbps"
"Running Make libs in ps7_cortexa9_0/libsrc/xadcps_v2_0/src"
make -C ps7_cortexa9_0/libsrc/xadcps_v2_0/src -s libs  "SHELL=CMD" "COMPILER=arm-xilinx-eabi-gcc" "ARCHIVER=arm-xilinx-eabi-ar" "COMPILER_FLAGS=  -O2 -c" "EXTRA_COMPILER_FLAGS=-g"
"Compiling xadcps"
'Finished building libraries'
21:07:42 **** Clean-only build of configuration Debug for project Consolidated_330_SW ****
make clean 
rm -rf  ./supportFiles/Adafruit_GFX.o ./supportFiles/Adafruit_STMPE610.o ./supportFiles/Adafruit_TFTLCD.o ./supportFiles/Print.o ./supportFiles/WString.o ./supportFiles/bluetooth.o ./supportFiles/circularBuffer.o ./supportFiles/display.o ./supportFiles/glcdfont.o ./supportFiles/globalTimer.o ./supportFiles/interrupts.o ./supportFiles/lcd.o ./supportFiles/leds.o ./supportFiles/mio.o ./supportFiles/new.o ./supportFiles/spi.o ./supportFiles/tftGpio.o ./supportFiles/utils.o  ./src/helloWorld/main.o  ./supportFiles/bluetooth.d ./supportFiles/circularBuffer.d ./supportFiles/glcdfont.d ./supportFiles/globalTimer.d ./supportFiles/interrupts.d ./supportFiles/lcd.d ./supportFiles/leds.d ./supportFiles/mio.d ./supportFiles/spi.d ./supportFiles/tftGpio.d  ./src/helloWorld/main.d  ./supportFiles/Adafruit_GFX.d ./supportFiles/Adafruit_STMPE610.d ./supportFiles/Adafruit_TFTLCD.d ./supportFiles/Print.d ./supportFiles/WString.d ./supportFiles/display.d ./supportFiles/new.d ./supportFiles/utils.d  Consolidated_330_SW.elf.size  Consolidated_330_SW.elf
' '
21:07:44 **** Build of configuration Debug for project Consolidated_330_SW ****
make all 
'Building file: ../supportFiles/Adafruit_GFX.cpp'
'Invoking: ARM g++ compiler'
arm-xilinx-eabi-g++ -Wall -O0 -g3 -I"J:\ECEN_390\Xilinx\Consolidated_330_SW" -c -fmessage-length=0 -I../../Consolidated_330_SW_bsp/ps7_cortexa9_0/include -MMD -MP -MF"supportFiles/Adafruit_GFX.d" -MT"supportFiles/Adafruit_GFX.d" -o "supportFiles/Adafruit_GFX.o" "../supportFiles/Adafruit_GFX.cpp"
'Finished building: ../supportFiles/Adafruit_GFX.cpp'
' '
'Building file: ../supportFiles/Adafruit_STMPE610.cpp'
'Invoking: ARM g++ compiler'
arm-xilinx-eabi-g++ -Wall -O0 -g3 -I"J:\ECEN_390\Xilinx\Consolidated_330_SW" -c -fmessage-length=0 -I../../Consolidated_330_SW_bsp/ps7_cortexa9_0/include -MMD -MP -MF"supportFiles/Adafruit_STMPE610.d" -MT"supportFiles/Adafruit_STMPE610.d" -o "supportFiles/Adafruit_STMPE610.o" "../supportFiles/Adafruit_STMPE610.cpp"
'Finished building: ../supportFiles/Adafruit_STMPE610.cpp'
' '
'Building file: ../supportFiles/Adafruit_TFTLCD.cpp'
'Invoking: ARM g++ compiler'
arm-xilinx-eabi-g++ -Wall -O0 -g3 -I"J:\ECEN_390\Xilinx\Consolidated_330_SW" -c -fmessage-length=0 -I../../Consolidated_330_SW_bsp/ps7_cortexa9_0/include -MMD -MP -MF"supportFiles/Adafruit_TFTLCD.d" -MT"supportFiles/Adafruit_TFTLCD.d" -o "supportFiles/Adafruit_TFTLCD.o" "../supportFiles/Adafruit_TFTLCD.cpp"
'Finished building: ../supportFiles/Adafruit_TFTLCD.cpp'
' '
'Building file: ../supportFiles/Print.cpp'
'Invoking: ARM g++ compiler'
arm-xilinx-eabi-g++ -Wall -O0 -g3 -I"J:\ECEN_390\Xilinx\Consolidated_330_SW" -c -fmessage-length=0 -I../../Consolidated_330_SW_bsp/ps7_cortexa9_0/include -MMD -MP -MF"supportFiles/Print.d" -MT"supportFiles/Print.d" -o "supportFiles/Print.o" "../supportFiles/Print.cpp"
'Finished building: ../supportFiles/Print.cpp'
' '
'Building file: ../supportFiles/WString.cpp'
'Invoking: ARM g++ compiler'
arm-xilinx-eabi-g++ -Wall -O0 -g3 -I"J:\ECEN_390\Xilinx\Consolidated_330_SW" -c -fmessage-length=0 -I../../Consolidated_330_SW_bsp/ps7_cortexa9_0/include -MMD -MP -MF"supportFiles/WString.d" -MT"supportFiles/WString.d" -o "supportFiles/WString.o" "../supportFiles/WString.cpp"
'Finished building: ../supportFiles/WString.cpp'
' '
'Building file: ../supportFiles/bluetooth.c'
'Invoking: ARM g++ compiler'
arm-xilinx-eabi-g++ -Wall -O0 -g3 -I"J:\ECEN_390\Xilinx\Consolidated_330_SW" -c -fmessage-length=0 -I../../Consolidated_330_SW_bsp/ps7_cortexa9_0/include -MMD -MP -MF"supportFiles/bluetooth.d" -MT"supportFiles/bluetooth.d" -o "supportFiles/bluetooth.o" "../supportFiles/bluetooth.c"
'Finished building: ../supportFiles/bluetooth.c'
' '
'Building file: ../supportFiles/circularBuffer.c'
'Invoking: ARM g++ compiler'
arm-xilinx-eabi-g++ -Wall -O0 -g3 -I"J:\ECEN_390\Xilinx\Consolidated_330_SW" -c -fmessage-length=0 -I../../Consolidated_330_SW_bsp/ps7_cortexa9_0/include -MMD -MP -MF"supportFiles/circularBuffer.d" -MT"supportFiles/circularBuffer.d" -o "supportFiles/circularBuffer.o" "../supportFiles/circularBuffer.c"
'Finished building: ../supportFiles/circularBuffer.c'
' '
'Building file: ../supportFiles/display.cpp'
'Invoking: ARM g++ compiler'
arm-xilinx-eabi-g++ -Wall -O0 -g3 -I"J:\ECEN_390\Xilinx\Consolidated_330_SW" -c -fmessage-length=0 -I../../Consolidated_330_SW_bsp/ps7_cortexa9_0/include -MMD -MP -MF"supportFiles/display.d" -MT"supportFiles/display.d" -o "supportFiles/display.o" "../supportFiles/display.cpp"
'Finished building: ../supportFiles/display.cpp'
' '
'Building file: ../supportFiles/glcdfont.c'
'Invoking: ARM g++ compiler'
arm-xilinx-eabi-g++ -Wall -O0 -g3 -I"J:\ECEN_390\Xilinx\Consolidated_330_SW" -c -fmessage-length=0 -I../../Consolidated_330_SW_bsp/ps7_cortexa9_0/include -MMD -MP -MF"supportFiles/glcdfont.d" -MT"supportFiles/glcdfont.d" -o "supportFiles/glcdfont.o" "../supportFiles/glcdfont.c"
'Finished building: ../supportFiles/glcdfont.c'
' '
'Building file: ../supportFiles/globalTimer.c'
'Invoking: ARM g++ compiler'
arm-xilinx-eabi-g++ -Wall -O0 -g3 -I"J:\ECEN_390\Xilinx\Consolidated_330_SW" -c -fmessage-length=0 -I../../Consolidated_330_SW_bsp/ps7_cortexa9_0/include -MMD -MP -MF"supportFiles/globalTimer.d" -MT"supportFiles/globalTimer.d" -o "supportFiles/globalTimer.o" "../supportFiles/globalTimer.c"
'Finished building: ../supportFiles/globalTimer.c'
' '
'Building file: ../supportFiles/interrupts.c'
'Invoking: ARM g++ compiler'
arm-xilinx-eabi-g++ -Wall -O0 -g3 -I"J:\ECEN_390\Xilinx\Consolidated_330_SW" -c -fmessage-length=0 -I../../Consolidated_330_SW_bsp/ps7_cortexa9_0/include -MMD -MP -MF"supportFiles/interrupts.d" -MT"supportFiles/interrupts.d" -o "supportFiles/interrupts.o" "../supportFiles/interrupts.c"
'Finished building: ../supportFiles/interrupts.c'
' '
'Building file: ../supportFiles/lcd.c'
'Invoking: ARM g++ compiler'
arm-xilinx-eabi-g++ -Wall -O0 -g3 -I"J:\ECEN_390\Xilinx\Consolidated_330_SW" -c -fmessage-length=0 -I../../Consolidated_330_SW_bsp/ps7_cortexa9_0/include -MMD -MP -MF"supportFiles/lcd.d" -MT"supportFiles/lcd.d" -o "supportFiles/lcd.o" "../supportFiles/lcd.c"
'Finished building: ../supportFiles/lcd.c'
' '
'Building file: ../supportFiles/leds.c'
'Invoking: ARM g++ compiler'
arm-xilinx-eabi-g++ -Wall -O0 -g3 -I"J:\ECEN_390\Xilinx\Consolidated_330_SW" -c -fmessage-length=0 -I../../Consolidated_330_SW_bsp/ps7_cortexa9_0/include -MMD -MP -MF"supportFiles/leds.d" -MT"supportFiles/leds.d" -o "supportFiles/leds.o" "../supportFiles/leds.c"
'Finished building: ../supportFiles/leds.c'
' '
'Building file: ../supportFiles/mio.c'
'Invoking: ARM g++ compiler'
arm-xilinx-eabi-g++ -Wall -O0 -g3 -I"J:\ECEN_390\Xilinx\Consolidated_330_SW" -c -fmessage-length=0 -I../../Consolidated_330_SW_bsp/ps7_cortexa9_0/include -MMD -MP -MF"supportFiles/mio.d" -MT"supportFiles/mio.d" -o "supportFiles/mio.o" "../supportFiles/mio.c"
'Finished building: ../supportFiles/mio.c'
' '
'Building file: ../supportFiles/new.cpp'
'Invoking: ARM g++ compiler'
arm-xilinx-eabi-g++ -Wall -O0 -g3 -I"J:\ECEN_390\Xilinx\Consolidated_330_SW" -c -fmessage-length=0 -I../../Consolidated_330_SW_bsp/ps7_cortexa9_0/include -MMD -MP -MF"supportFiles/new.d" -MT"supportFiles/new.d" -o "supportFiles/new.o" "../supportFiles/new.cpp"
'Finished building: ../supportFiles/new.cpp'
' '
'Building file: ../supportFiles/spi.c'
'Invoking: ARM g++ compiler'
arm-xilinx-eabi-g++ -Wall -O0 -g3 -I"J:\ECEN_390\Xilinx\Consolidated_330_SW" -c -fmessage-length=0 -I../../Consolidated_330_SW_bsp/ps7_cortexa9_0/include -MMD -MP -MF"supportFiles/spi.d" -MT"supportFiles/spi.d" -o "supportFiles/spi.o" "../supportFiles/spi.c"
'Finished building: ../supportFiles/spi.c'
' '
'Building file: ../supportFiles/tftGpio.c'
'Invoking: ARM g++ compiler'
arm-xilinx-eabi-g++ -Wall -O0 -g3 -I"J:\ECEN_390\Xilinx\Consolidated_330_SW" -c -fmessage-length=0 -I../../Consolidated_330_SW_bsp/ps7_cortexa9_0/include -MMD -MP -MF"supportFiles/tftGpio.d" -MT"supportFiles/tftGpio.d" -o "supportFiles/tftGpio.o" "../supportFiles/tftGpio.c"
'Finished building: ../supportFiles/tftGpio.c'
' '
'Building file: ../supportFiles/utils.cpp'
'Invoking: ARM g++ compiler'
arm-xilinx-eabi-g++ -Wall -O0 -g3 -I"J:\ECEN_390\Xilinx\Consolidated_330_SW" -c -fmessage-length=0 -I../../Consolidated_330_SW_bsp/ps7_cortexa9_0/include -MMD -MP -MF"supportFiles/utils.d" -MT"supportFiles/utils.d" -o "supportFiles/utils.o" "../supportFiles/utils.cpp"
'Finished building: ../supportFiles/utils.cpp'
' '
'Building file: ../src/helloWorld/main.c'
'Invoking: ARM g++ compiler'
arm-xilinx-eabi-g++ -Wall -O0 -g3 -I"J:\ECEN_390\Xilinx\Consolidated_330_SW" -c -fmessage-length=0 -I../../Consolidated_330_SW_bsp/ps7_cortexa9_0/include -MMD -MP -MF"src/helloWorld/main.d" -MT"src/helloWorld/main.d" -o "src/helloWorld/main.o" "../src/helloWorld/main.c"
'Finished building: ../src/helloWorld/main.c'
' '
'Building target: Consolidated_330_SW.elf'
'Invoking: ARM g++ linker'
arm-xilinx-eabi-g++ -Wl,-T -Wl,../src/lscript.ld -L../../Consolidated_330_SW_bsp/ps7_cortexa9_0/lib -o "Consolidated_330_SW.elf"  ./supportFiles/Adafruit_GFX.o ./supportFiles/Adafruit_STMPE610.o ./supportFiles/Adafruit_TFTLCD.o ./supportFiles/Print.o ./supportFiles/WString.o ./supportFiles/bluetooth.o ./supportFiles/circularBuffer.o ./supportFiles/display.o ./supportFiles/glcdfont.o ./supportFiles/globalTimer.o ./supportFiles/interrupts.o ./supportFiles/lcd.o ./supportFiles/leds.o ./supportFiles/mio.o ./supportFiles/new.o ./supportFiles/spi.o ./supportFiles/tftGpio.o ./supportFiles/utils.o  ./src/helloWorld/main.o   -Wl,--start-group,-lxil,-lgcc,-lc,-lstdc++,--end-group
'Finished building target: Consolidated_330_SW.elf'
' '
'Invoking: ARM Print Size'
arm-xilinx-eabi-size Consolidated_330_SW.elf  |tee "Consolidated_330_SW.elf.size"
   text	   data	    bss	    dec	    hex	filename
 199276	   3184	3010216	3212676	 310584	Consolidated_330_SW.elf
'Finished building: Consolidated_330_SW.elf.size'
' '
21:08:07 **** Build of project zynq_fsbl_bsp ****
make -k all 
"Running Make include in ps7_cortexa9_0/libsrc/axi_dispctrl_v1_00_a/src"
make -C ps7_cortexa9_0/libsrc/axi_dispctrl_v1_00_a/src -s include  "SHELL=CMD" "COMPILER=arm-xilinx-eabi-gcc" "ARCHIVER=arm-xilinx-eabi-ar" "COMPILER_FLAGS=  -O2 -c" "EXTRA_COMPILER_FLAGS=-g"
"Running Make include in ps7_cortexa9_0/libsrc/axi_i2s_adi_v1_00_a/src"
make -C ps7_cortexa9_0/libsrc/axi_i2s_adi_v1_00_a/src -s include  "SHELL=CMD" "COMPILER=arm-xilinx-eabi-gcc" "ARCHIVER=arm-xilinx-eabi-ar" "COMPILER_FLAGS=  -O2 -c" "EXTRA_COMPILER_FLAGS=-g"
"Running Make include in ps7_cortexa9_0/libsrc/axivdma_v5_0/src"
make -C ps7_cortexa9_0/libsrc/axivdma_v5_0/src -s include  "SHELL=CMD" "COMPILER=arm-xilinx-eabi-gcc" "ARCHIVER=arm-xilinx-eabi-ar" "COMPILER_FLAGS=  -O2 -c" "EXTRA_COMPILER_FLAGS=-g"
"Running Make include in ps7_cortexa9_0/libsrc/common_v1_00_a/src"
make -C ps7_cortexa9_0/libsrc/common_v1_00_a/src -s include  "SHELL=CMD" "COMPILER=arm-xilinx-eabi-gcc" "ARCHIVER=arm-xilinx-eabi-ar" "COMPILER_FLAGS=  -O2 -c" "EXTRA_COMPILER_FLAGS=-g"
"Running Make include in ps7_cortexa9_0/libsrc/cpu_cortexa9_v2_0/src"
make -C ps7_cortexa9_0/libsrc/cpu_cortexa9_v2_0/src -s include  "SHELL=CMD" "COMPILER=arm-xilinx-eabi-gcc" "ARCHIVER=arm-xilinx-eabi-ar" "COMPILER_FLAGS=  -O2 -c" "EXTRA_COMPILER_FLAGS=-g"
"Running Make include in ps7_cortexa9_0/libsrc/devcfg_v3_1/src"
make -C ps7_cortexa9_0/libsrc/devcfg_v3_1/src -s include  "SHELL=CMD" "COMPILER=arm-xilinx-eabi-gcc" "ARCHIVER=arm-xilinx-eabi-ar" "COMPILER_FLAGS=  -O2 -c" "EXTRA_COMPILER_FLAGS=-g"
"Running Make include in ps7_cortexa9_0/libsrc/dmaps_v2_0/src"
make -C ps7_cortexa9_0/libsrc/dmaps_v2_0/src -s include  "SHELL=CMD" "COMPILER=arm-xilinx-eabi-gcc" "ARCHIVER=arm-xilinx-eabi-ar" "COMPILER_FLAGS=  -O2 -c" "EXTRA_COMPILER_FLAGS=-g"
"Running Make include in ps7_cortexa9_0/libsrc/emacps_v2_0/src"
make -C ps7_cortexa9_0/libsrc/emacps_v2_0/src -s include  "SHELL=CMD" "COMPILER=arm-xilinx-eabi-gcc" "ARCHIVER=arm-xilinx-eabi-ar" "COMPILER_FLAGS=  -O2 -c" "EXTRA_COMPILER_FLAGS=-g"
"Running Make include in ps7_cortexa9_0/libsrc/gpio_v4_0/src"
make -C ps7_cortexa9_0/libsrc/gpio_v4_0/src -s include  "SHELL=CMD" "COMPILER=arm-xilinx-eabi-gcc" "ARCHIVER=arm-xilinx-eabi-ar" "COMPILER_FLAGS=  -O2 -c" "EXTRA_COMPILER_FLAGS=-g"
"Running Make include in ps7_cortexa9_0/libsrc/gpiops_v2_1/src"
make -C ps7_cortexa9_0/libsrc/gpiops_v2_1/src -s include  "SHELL=CMD" "COMPILER=arm-xilinx-eabi-gcc" "ARCHIVER=arm-xilinx-eabi-ar" "COMPILER_FLAGS=  -O2 -c" "EXTRA_COMPILER_FLAGS=-g"
"Running Make include in ps7_cortexa9_0/libsrc/iicps_v2_1/src"
make -C ps7_cortexa9_0/libsrc/iicps_v2_1/src -s include  "SHELL=CMD" "COMPILER=arm-xilinx-eabi-gcc" "ARCHIVER=arm-xilinx-eabi-ar" "COMPILER_FLAGS=  -O2 -c" "EXTRA_COMPILER_FLAGS=-g"
"Running Make include in ps7_cortexa9_0/libsrc/qspips_v3_0/src"
make -C ps7_cortexa9_0/libsrc/qspips_v3_0/src -s include  "SHELL=CMD" "COMPILER=arm-xilinx-eabi-gcc" "ARCHIVER=arm-xilinx-eabi-ar" "COMPILER_FLAGS=  -O2 -c" "EXTRA_COMPILER_FLAGS=-g"
"Running Make include in ps7_cortexa9_0/libsrc/scugic_v2_1/src"
make -C ps7_cortexa9_0/libsrc/scugic_v2_1/src -s include  "SHELL=CMD" "COMPILER=arm-xilinx-eabi-gcc" "ARCHIVER=arm-xilinx-eabi-ar" "COMPILER_FLAGS=  -O2 -c" "EXTRA_COMPILER_FLAGS=-g"
"Running Make include in ps7_cortexa9_0/libsrc/scutimer_v2_0/src"
make -C ps7_cortexa9_0/libsrc/scutimer_v2_0/src -s include  "SHELL=CMD" "COMPILER=arm-xilinx-eabi-gcc" "ARCHIVER=arm-xilinx-eabi-ar" "COMPILER_FLAGS=  -O2 -c" "EXTRA_COMPILER_FLAGS=-g"
"Running Make include in ps7_cortexa9_0/libsrc/scuwdt_v2_0/src"
make -C ps7_cortexa9_0/libsrc/scuwdt_v2_0/src -s include  "SHELL=CMD" "COMPILER=arm-xilinx-eabi-gcc" "ARCHIVER=arm-xilinx-eabi-ar" "COMPILER_FLAGS=  -O2 -c" "EXTRA_COMPILER_FLAGS=-g"
"Running Make include in ps7_cortexa9_0/libsrc/sdps_v2_1/src"
make -C ps7_cortexa9_0/libsrc/sdps_v2_1/src -s include  "SHELL=CMD" "COMPILER=arm-xilinx-eabi-gcc" "ARCHIVER=arm-xilinx-eabi-ar" "COMPILER_FLAGS=  -O2 -c" "EXTRA_COMPILER_FLAGS=-g"
"Running Make include in ps7_cortexa9_0/libsrc/spi_v4_0/src"
make -C ps7_cortexa9_0/libsrc/spi_v4_0/src -s include  "SHELL=CMD" "COMPILER=arm-xilinx-eabi-gcc" "ARCHIVER=arm-xilinx-eabi-ar" "COMPILER_FLAGS=  -O2 -c" "EXTRA_COMPILER_FLAGS=-g"
"Running Make include in ps7_cortexa9_0/libsrc/standalone_v4_1/src"
make -C ps7_cortexa9_0/libsrc/standalone_v4_1/src -s include  "SHELL=CMD" "COMPILER=arm-xilinx-eabi-gcc" "ARCHIVER=arm-xilinx-eabi-ar" "COMPILER_FLAGS=  -O2 -c" "EXTRA_COMPILER_FLAGS=-g"
"Running Make include in ps7_cortexa9_0/libsrc/sysmon_v6_0/src"
make -C ps7_cortexa9_0/libsrc/sysmon_v6_0/src -s include  "SHELL=CMD" "COMPILER=arm-xilinx-eabi-gcc" "ARCHIVER=arm-xilinx-eabi-ar" "COMPILER_FLAGS=  -O2 -c" "EXTRA_COMPILER_FLAGS=-g"
"Running Make include in ps7_cortexa9_0/libsrc/tmrctr_v3_0/src"
make -C ps7_cortexa9_0/libsrc/tmrctr_v3_0/src -s include  "SHELL=CMD" "COMPILER=arm-xilinx-eabi-gcc" "ARCHIVER=arm-xilinx-eabi-ar" "COMPILER_FLAGS=  -O2 -c" "EXTRA_COMPILER_FLAGS=-g"
"Running Make include in ps7_cortexa9_0/libsrc/uartlite_v3_0/src"
make -C ps7_cortexa9_0/libsrc/uartlite_v3_0/src -s include  "SHELL=CMD" "COMPILER=arm-xilinx-eabi-gcc" "ARCHIVER=arm-xilinx-eabi-ar" "COMPILER_FLAGS=  -O2 -c" "EXTRA_COMPILER_FLAGS=-g"
"Running Make include in ps7_cortexa9_0/libsrc/uartps_v2_1/src"
make -C ps7_cortexa9_0/libsrc/uartps_v2_1/src -s include  "SHELL=CMD" "COMPILER=arm-xilinx-eabi-gcc" "ARCHIVER=arm-xilinx-eabi-ar" "COMPILER_FLAGS=  -O2 -c" "EXTRA_COMPILER_FLAGS=-g"
"Running Make include in ps7_cortexa9_0/libsrc/usbps_v2_1/src"
make -C ps7_cortexa9_0/libsrc/usbps_v2_1/src -s include  "SHELL=CMD" "COMPILER=arm-xilinx-eabi-gcc" "ARCHIVER=arm-xilinx-eabi-ar" "COMPILER_FLAGS=  -O2 -c" "EXTRA_COMPILER_FLAGS=-g"
"Running Make include in ps7_cortexa9_0/libsrc/xadcps_v2_0/src"
make -C ps7_cortexa9_0/libsrc/xadcps_v2_0/src -s include  "SHELL=CMD" "COMPILER=arm-xilinx-eabi-gcc" "ARCHIVER=arm-xilinx-eabi-ar" "COMPILER_FLAGS=  -O2 -c" "EXTRA_COMPILER_FLAGS=-g"
"Running Make include in ps7_cortexa9_0/libsrc/xilffs_v2_1/src"
make -C ps7_cortexa9_0/libsrc/xilffs_v2_1/src -s include  "SHELL=CMD" "COMPILER=arm-xilinx-eabi-gcc" "ARCHIVER=arm-xilinx-eabi-ar" "COMPILER_FLAGS=  -O2 -c" "EXTRA_COMPILER_FLAGS=-g"
"Running Make include in ps7_cortexa9_0/libsrc/xilrsa_v1_1/src"
make -C ps7_cortexa9_0/libsrc/xilrsa_v1_1/src -s include  "SHELL=CMD" "COMPILER=arm-xilinx-eabi-gcc" "ARCHIVER=arm-xilinx-eabi-ar" "COMPILER_FLAGS=  -O2 -c" "EXTRA_COMPILER_FLAGS=-g"
"Running Make libs in ps7_cortexa9_0/libsrc/axi_dispctrl_v1_00_a/src"
make -C ps7_cortexa9_0/libsrc/axi_dispctrl_v1_00_a/src -s libs  "SHELL=CMD" "COMPILER=arm-xilinx-eabi-gcc" "ARCHIVER=arm-xilinx-eabi-ar" "COMPILER_FLAGS=  -O2 -c" "EXTRA_COMPILER_FLAGS=-g"
"Compiling axi_dispctrl..."
In file included from axi_dispctrl.h:7:0,
                 from axi_dispctrl.c:4:
../../../include/xbasic_types.h:124:2: warning: #warning The xbasics_type.h file is deprecated and users should use xil_types.h and xil_assert. [-Wcpp]
 #warning  The xbasics_type.h file is deprecated and users should use xil_types.h and xil_assert.
  ^
../../../include/xbasic_types.h:125:2: warning: #warning Please refer the Standalone BSP UG647 for further details [-Wcpp]
 #warning  Please refer the Standalone BSP UG647 for further details
  ^
In file included from axi_dispctrl.h:7:0,
                 from axi_dispctrl_selftest.c:3:
../../../include/xbasic_types.h:124:2: warning: #warning The xbasics_type.h file is deprecated and users should use xil_types.h and xil_assert. [-Wcpp]
 #warning  The xbasics_type.h file is deprecated and users should use xil_types.h and xil_assert.
  ^
../../../include/xbasic_types.h:125:2: warning: #warning Please refer the Standalone BSP UG647 for further details [-Wcpp]
 #warning  Please refer the Standalone BSP UG647 for further details
  ^
"Running Make libs in ps7_cortexa9_0/libsrc/axi_i2s_adi_v1_00_a/src"
make -C ps7_cortexa9_0/libsrc/axi_i2s_adi_v1_00_a/src -s libs  "SHELL=CMD" "COMPILER=arm-xilinx-eabi-gcc" "ARCHIVER=arm-xilinx-eabi-ar" "COMPILER_FLAGS=  -O2 -c" "EXTRA_COMPILER_FLAGS=-g"
"Compiling axi_i2s_adi..."
In file included from axi_i2s_adi.h:7:0,
                 from axi_i2s_adi.c:4:
../../../include/xbasic_types.h:124:2: warning: #warning The xbasics_type.h file is deprecated and users should use xil_types.h and xil_assert. [-Wcpp]
 #warning  The xbasics_type.h file is deprecated and users should use xil_types.h and xil_assert.
  ^
../../../include/xbasic_types.h:125:2: warning: #warning Please refer the Standalone BSP UG647 for further details [-Wcpp]
 #warning  Please refer the Standalone BSP UG647 for further details
  ^
In file included from axi_i2s_adi.h:7:0,
                 from axi_i2s_adi_selftest.c:3:
../../../include/xbasic_types.h:124:2: warning: #warning The xbasics_type.h file is deprecated and users should use xil_types.h and xil_assert. [-Wcpp]
 #warning  The xbasics_type.h file is deprecated and users should use xil_types.h and xil_assert.
  ^
../../../include/xbasic_types.h:125:2: warning: #warning Please refer the Standalone BSP UG647 for further details [-Wcpp]
 #warning  Please refer the Standalone BSP UG647 for further details
  ^
"Running Make libs in ps7_cortexa9_0/libsrc/axivdma_v5_0/src"
make -C ps7_cortexa9_0/libsrc/axivdma_v5_0/src -s libs  "SHELL=CMD" "COMPILER=arm-xilinx-eabi-gcc" "ARCHIVER=arm-xilinx-eabi-ar" "COMPILER_FLAGS=  -O2 -c" "EXTRA_COMPILER_FLAGS=-g"
"Compiling axivdma"
"Running Make libs in ps7_cortexa9_0/libsrc/common_v1_00_a/src"
make -C ps7_cortexa9_0/libsrc/common_v1_00_a/src -s libs  "SHELL=CMD" "COMPILER=arm-xilinx-eabi-gcc" "ARCHIVER=arm-xilinx-eabi-ar" "COMPILER_FLAGS=  -O2 -c" "EXTRA_COMPILER_FLAGS=-g"
"Compiling common"
"Running Make libs in ps7_cortexa9_0/libsrc/cpu_cortexa9_v2_0/src"
make -C ps7_cortexa9_0/libsrc/cpu_cortexa9_v2_0/src -s libs  "SHELL=CMD" "COMPILER=arm-xilinx-eabi-gcc" "ARCHIVER=arm-xilinx-eabi-ar" "COMPILER_FLAGS=  -O2 -c" "EXTRA_COMPILER_FLAGS=-g"
"Compiling cpu_cortexa9"
"Running Make libs in ps7_cortexa9_0/libsrc/devcfg_v3_1/src"
make -C ps7_cortexa9_0/libsrc/devcfg_v3_1/src -s libs  "SHELL=CMD" "COMPILER=arm-xilinx-eabi-gcc" "ARCHIVER=arm-xilinx-eabi-ar" "COMPILER_FLAGS=  -O2 -c" "EXTRA_COMPILER_FLAGS=-g"
"Compiling devcfg"
"Running Make libs in ps7_cortexa9_0/libsrc/dmaps_v2_0/src"
make -C ps7_cortexa9_0/libsrc/dmaps_v2_0/src -s libs  "SHELL=CMD" "COMPILER=arm-xilinx-eabi-gcc" "ARCHIVER=arm-xilinx-eabi-ar" "COMPILER_FLAGS=  -O2 -c" "EXTRA_COMPILER_FLAGS=-g"
"Compiling dmaps"
"Running Make libs in ps7_cortexa9_0/libsrc/emacps_v2_0/src"
make -C ps7_cortexa9_0/libsrc/emacps_v2_0/src -s libs  "SHELL=CMD" "COMPILER=arm-xilinx-eabi-gcc" "ARCHIVER=arm-xilinx-eabi-ar" "COMPILER_FLAGS=  -O2 -c" "EXTRA_COMPILER_FLAGS=-g"
"Compiling emacps"
"Running Make libs in ps7_cortexa9_0/libsrc/gpio_v4_0/src"
make -C ps7_cortexa9_0/libsrc/gpio_v4_0/src -s libs  "SHELL=CMD" "COMPILER=arm-xilinx-eabi-gcc" "ARCHIVER=arm-xilinx-eabi-ar" "COMPILER_FLAGS=  -O2 -c" "EXTRA_COMPILER_FLAGS=-g"
"Compiling gpio"
"Running Make libs in ps7_cortexa9_0/libsrc/gpiops_v2_1/src"
make -C ps7_cortexa9_0/libsrc/gpiops_v2_1/src -s libs  "SHELL=CMD" "COMPILER=arm-xilinx-eabi-gcc" "ARCHIVER=arm-xilinx-eabi-ar" "COMPILER_FLAGS=  -O2 -c" "EXTRA_COMPILER_FLAGS=-g"
"Compiling gpiops"
"Running Make libs in ps7_cortexa9_0/libsrc/iicps_v2_1/src"
make -C ps7_cortexa9_0/libsrc/iicps_v2_1/src -s libs  "SHELL=CMD" "COMPILER=arm-xilinx-eabi-gcc" "ARCHIVER=arm-xilinx-eabi-ar" "COMPILER_FLAGS=  -O2 -c" "EXTRA_COMPILER_FLAGS=-g"
"Compiling iicps"
"Running Make libs in ps7_cortexa9_0/libsrc/qspips_v3_0/src"
make -C ps7_cortexa9_0/libsrc/qspips_v3_0/src -s libs  "SHELL=CMD" "COMPILER=arm-xilinx-eabi-gcc" "ARCHIVER=arm-xilinx-eabi-ar" "COMPILER_FLAGS=  -O2 -c" "EXTRA_COMPILER_FLAGS=-g"
"Compiling qspips"
"Running Make libs in ps7_cortexa9_0/libsrc/scugic_v2_1/src"
make -C ps7_cortexa9_0/libsrc/scugic_v2_1/src -s libs  "SHELL=CMD" "COMPILER=arm-xilinx-eabi-gcc" "ARCHIVER=arm-xilinx-eabi-ar" "COMPILER_FLAGS=  -O2 -c" "EXTRA_COMPILER_FLAGS=-g"
"Compiling scugic"
"Running Make libs in ps7_cortexa9_0/libsrc/scutimer_v2_0/src"
make -C ps7_cortexa9_0/libsrc/scutimer_v2_0/src -s libs  "SHELL=CMD" "COMPILER=arm-xilinx-eabi-gcc" "ARCHIVER=arm-xilinx-eabi-ar" "COMPILER_FLAGS=  -O2 -c" "EXTRA_COMPILER_FLAGS=-g"
"Compiling scutimer"
"Running Make libs in ps7_cortexa9_0/libsrc/scuwdt_v2_0/src"
make -C ps7_cortexa9_0/libsrc/scuwdt_v2_0/src -s libs  "SHELL=CMD" "COMPILER=arm-xilinx-eabi-gcc" "ARCHIVER=arm-xilinx-eabi-ar" "COMPILER_FLAGS=  -O2 -c" "EXTRA_COMPILER_FLAGS=-g"
"Compiling scuwdt"
"Running Make libs in ps7_cortexa9_0/libsrc/sdps_v2_1/src"
make -C ps7_cortexa9_0/libsrc/sdps_v2_1/src -s libs  "SHELL=CMD" "COMPILER=arm-xilinx-eabi-gcc" "ARCHIVER=arm-xilinx-eabi-ar" "COMPILER_FLAGS=  -O2 -c" "EXTRA_COMPILER_FLAGS=-g"
"Compiling sdps"
"Running Make libs in ps7_cortexa9_0/libsrc/spi_v4_0/src"
make -C ps7_cortexa9_0/libsrc/spi_v4_0/src -s libs  "SHELL=CMD" "COMPILER=arm-xilinx-eabi-gcc" "ARCHIVER=arm-xilinx-eabi-ar" "COMPILER_FLAGS=  -O2 -c" "EXTRA_COMPILER_FLAGS=-g"
"Compiling spi"
"Running Make libs in ps7_cortexa9_0/libsrc/standalone_v4_1/src"
make -C ps7_cortexa9_0/libsrc/standalone_v4_1/src -s libs  "SHELL=CMD" "COMPILER=arm-xilinx-eabi-gcc" "ARCHIVER=arm-xilinx-eabi-ar" "COMPILER_FLAGS=  -O2 -c" "EXTRA_COMPILER_FLAGS=-g"
"Compiling standalone"
"Running Make libs in ps7_cortexa9_0/libsrc/sysmon_v6_0/src"
make -C ps7_cortexa9_0/libsrc/sysmon_v6_0/src -s libs  "SHELL=CMD" "COMPILER=arm-xilinx-eabi-gcc" "ARCHIVER=arm-xilinx-eabi-ar" "COMPILER_FLAGS=  -O2 -c" "EXTRA_COMPILER_FLAGS=-g"
"Compiling sysmon"
"Running Make libs in ps7_cortexa9_0/libsrc/tmrctr_v3_0/src"
make -C ps7_cortexa9_0/libsrc/tmrctr_v3_0/src -s libs  "SHELL=CMD" "COMPILER=arm-xilinx-eabi-gcc" "ARCHIVER=arm-xilinx-eabi-ar" "COMPILER_FLAGS=  -O2 -c" "EXTRA_COMPILER_FLAGS=-g"
"Compiling tmrctr"
"Running Make libs in ps7_cortexa9_0/libsrc/uartlite_v3_0/src"
make -C ps7_cortexa9_0/libsrc/uartlite_v3_0/src -s libs  "SHELL=CMD" "COMPILER=arm-xilinx-eabi-gcc" "ARCHIVER=arm-xilinx-eabi-ar" "COMPILER_FLAGS=  -O2 -c" "EXTRA_COMPILER_FLAGS=-g"
"Compiling uartlite"
"Running Make libs in ps7_cortexa9_0/libsrc/uartps_v2_1/src"
make -C ps7_cortexa9_0/libsrc/uartps_v2_1/src -s libs  "SHELL=CMD" "COMPILER=arm-xilinx-eabi-gcc" "ARCHIVER=arm-xilinx-eabi-ar" "COMPILER_FLAGS=  -O2 -c" "EXTRA_COMPILER_FLAGS=-g"
"Compiling uartps"
"Running Make libs in ps7_cortexa9_0/libsrc/usbps_v2_1/src"
make -C ps7_cortexa9_0/libsrc/usbps_v2_1/src -s libs  "SHELL=CMD" "COMPILER=arm-xilinx-eabi-gcc" "ARCHIVER=arm-xilinx-eabi-ar" "COMPILER_FLAGS=  -O2 -c" "EXTRA_COMPILER_FLAGS=-g"
"Compiling usbps"
"Running Make libs in ps7_cortexa9_0/libsrc/xadcps_v2_0/src"
make -C ps7_cortexa9_0/libsrc/xadcps_v2_0/src -s libs  "SHELL=CMD" "COMPILER=arm-xilinx-eabi-gcc" "ARCHIVER=arm-xilinx-eabi-ar" "COMPILER_FLAGS=  -O2 -c" "EXTRA_COMPILER_FLAGS=-g"
"Compiling xadcps"
"Running Make libs in ps7_cortexa9_0/libsrc/xilffs_v2_1/src"
make -C ps7_cortexa9_0/libsrc/xilffs_v2_1/src -s libs  "SHELL=CMD" "COMPILER=arm-xilinx-eabi-gcc" "ARCHIVER=arm-xilinx-eabi-ar" "COMPILER_FLAGS=  -O2 -c" "EXTRA_COMPILER_FLAGS=-g"
"Compiling XilFFs Library"
"Creating archive libxilffs.a"
"Running Make libs in ps7_cortexa9_0/libsrc/xilrsa_v1_1/src"
make -C ps7_cortexa9_0/libsrc/xilrsa_v1_1/src -s libs  "SHELL=CMD" "COMPILER=arm-xilinx-eabi-gcc" "ARCHIVER=arm-xilinx-eabi-ar" "COMPILER_FLAGS=  -O2 -c" "EXTRA_COMPILER_FLAGS=-g"
'Finished building libraries'
21:10:44 **** Clean-only build of configuration Debug for project zynq_fsbl ****
make clean 
rm -rf  ./src/ddr_init.o ./src/fsbl_handoff.o ./src/fsbl_hooks.o ./src/image_mover.o ./src/main.o ./src/md5.o ./src/nand.o ./src/nor.o ./src/pcap.o ./src/ps7_init.o ./src/qspi.o ./src/rsa.o ./src/sd.o  ./src/ddr_init.d ./src/fsbl_hooks.d ./src/image_mover.d ./src/main.d ./src/md5.d ./src/nand.d ./src/nor.d ./src/pcap.d ./src/ps7_init.d ./src/qspi.d ./src/rsa.d ./src/sd.d  zynq_fsbl.elf.size  ./src/fsbl_handoff.d  zynq_fsbl.elf
' '
21:10:45 **** Build of configuration Debug for project zynq_fsbl ****
make all 
'Building file: ../src/ddr_init.c'
'Invoking: ARM gcc compiler'
arm-xilinx-eabi-gcc -Wall -O0 -g3 -I"J:\ECEN_390\Xilinx\EE330_hw_platform_0" -c -fmessage-length=0 -I../../zynq_fsbl_bsp/ps7_cortexa9_0/include -MMD -MP -MF"src/ddr_init.d" -MT"src/ddr_init.d" -o "src/ddr_init.o" "../src/ddr_init.c"
'Finished building: ../src/ddr_init.c'
' '
'Building file: ../src/fsbl_handoff.S'
'Invoking: ARM gcc compiler'
arm-xilinx-eabi-gcc -Wall -O0 -g3 -I"J:\ECEN_390\Xilinx\EE330_hw_platform_0" -c -fmessage-length=0 -I../../zynq_fsbl_bsp/ps7_cortexa9_0/include -MMD -MP -MF"src/fsbl_handoff.d" -MT"src/fsbl_handoff.d" -o "src/fsbl_handoff.o" "../src/fsbl_handoff.S"
'Finished building: ../src/fsbl_handoff.S'
' '
'Building file: ../src/fsbl_hooks.c'
'Invoking: ARM gcc compiler'
arm-xilinx-eabi-gcc -Wall -O0 -g3 -I"J:\ECEN_390\Xilinx\EE330_hw_platform_0" -c -fmessage-length=0 -I../../zynq_fsbl_bsp/ps7_cortexa9_0/include -MMD -MP -MF"src/fsbl_hooks.d" -MT"src/fsbl_hooks.d" -o "src/fsbl_hooks.o" "../src/fsbl_hooks.c"
'Finished building: ../src/fsbl_hooks.c'
' '
'Building file: ../src/image_mover.c'
'Invoking: ARM gcc compiler'
arm-xilinx-eabi-gcc -Wall -O0 -g3 -I"J:\ECEN_390\Xilinx\EE330_hw_platform_0" -c -fmessage-length=0 -I../../zynq_fsbl_bsp/ps7_cortexa9_0/include -MMD -MP -MF"src/image_mover.d" -MT"src/image_mover.d" -o "src/image_mover.o" "../src/image_mover.c"
'Finished building: ../src/image_mover.c'
' '
'Building file: ../src/main.c'
'Invoking: ARM gcc compiler'
arm-xilinx-eabi-gcc -Wall -O0 -g3 -I"J:\ECEN_390\Xilinx\EE330_hw_platform_0" -c -fmessage-length=0 -I../../zynq_fsbl_bsp/ps7_cortexa9_0/include -MMD -MP -MF"src/main.d" -MT"src/main.d" -o "src/main.o" "../src/main.c"
'Finished building: ../src/main.c'
' '
'Building file: ../src/md5.c'
'Invoking: ARM gcc compiler'
arm-xilinx-eabi-gcc -Wall -O0 -g3 -I"J:\ECEN_390\Xilinx\EE330_hw_platform_0" -c -fmessage-length=0 -I../../zynq_fsbl_bsp/ps7_cortexa9_0/include -MMD -MP -MF"src/md5.d" -MT"src/md5.d" -o "src/md5.o" "../src/md5.c"
'Finished building: ../src/md5.c'
' '
'Building file: ../src/nand.c'
'Invoking: ARM gcc compiler'
arm-xilinx-eabi-gcc -Wall -O0 -g3 -I"J:\ECEN_390\Xilinx\EE330_hw_platform_0" -c -fmessage-length=0 -I../../zynq_fsbl_bsp/ps7_cortexa9_0/include -MMD -MP -MF"src/nand.d" -MT"src/nand.d" -o "src/nand.o" "../src/nand.c"
'Finished building: ../src/nand.c'
' '
'Building file: ../src/nor.c'
'Invoking: ARM gcc compiler'
arm-xilinx-eabi-gcc -Wall -O0 -g3 -I"J:\ECEN_390\Xilinx\EE330_hw_platform_0" -c -fmessage-length=0 -I../../zynq_fsbl_bsp/ps7_cortexa9_0/include -MMD -MP -MF"src/nor.d" -MT"src/nor.d" -o "src/nor.o" "../src/nor.c"
'Finished building: ../src/nor.c'
' '
'Building file: ../src/pcap.c'
'Invoking: ARM gcc compiler'
arm-xilinx-eabi-gcc -Wall -O0 -g3 -I"J:\ECEN_390\Xilinx\EE330_hw_platform_0" -c -fmessage-length=0 -I../../zynq_fsbl_bsp/ps7_cortexa9_0/include -MMD -MP -MF"src/pcap.d" -MT"src/pcap.d" -o "src/pcap.o" "../src/pcap.c"
'Finished building: ../src/pcap.c'
' '
'Building file: ../src/ps7_init.c'
'Invoking: ARM gcc compiler'
arm-xilinx-eabi-gcc -Wall -O0 -g3 -I"J:\ECEN_390\Xilinx\EE330_hw_platform_0" -c -fmessage-length=0 -I../../zynq_fsbl_bsp/ps7_cortexa9_0/include -MMD -MP -MF"src/ps7_init.d" -MT"src/ps7_init.d" -o "src/ps7_init.o" "../src/ps7_init.c"
'Finished building: ../src/ps7_init.c'
' '
'Building file: ../src/qspi.c'
'Invoking: ARM gcc compiler'
arm-xilinx-eabi-gcc -Wall -O0 -g3 -I"J:\ECEN_390\Xilinx\EE330_hw_platform_0" -c -fmessage-length=0 -I../../zynq_fsbl_bsp/ps7_cortexa9_0/include -MMD -MP -MF"src/qspi.d" -MT"src/qspi.d" -o "src/qspi.o" "../src/qspi.c"
'Finished building: ../src/qspi.c'
' '
'Building file: ../src/rsa.c'
'Invoking: ARM gcc compiler'
arm-xilinx-eabi-gcc -Wall -O0 -g3 -I"J:\ECEN_390\Xilinx\EE330_hw_platform_0" -c -fmessage-length=0 -I../../zynq_fsbl_bsp/ps7_cortexa9_0/include -MMD -MP -MF"src/rsa.d" -MT"src/rsa.d" -o "src/rsa.o" "../src/rsa.c"
'Finished building: ../src/rsa.c'
' '
'Building file: ../src/sd.c'
'Invoking: ARM gcc compiler'
arm-xilinx-eabi-gcc -Wall -O0 -g3 -I"J:\ECEN_390\Xilinx\EE330_hw_platform_0" -c -fmessage-length=0 -I../../zynq_fsbl_bsp/ps7_cortexa9_0/include -MMD -MP -MF"src/sd.d" -MT"src/sd.d" -o "src/sd.o" "../src/sd.c"
'Finished building: ../src/sd.c'
' '
'Building target: zynq_fsbl.elf'
'Invoking: ARM gcc linker'
arm-xilinx-eabi-gcc -L"J:\ECEN_390\Xilinx\zynq_fsbl\src" -Wl,-T -Wl,../src/lscript.ld -L../../zynq_fsbl_bsp/ps7_cortexa9_0/lib -o "zynq_fsbl.elf"  ./src/ddr_init.o ./src/fsbl_handoff.o ./src/fsbl_hooks.o ./src/image_mover.o ./src/main.o ./src/md5.o ./src/nand.o ./src/nor.o ./src/pcap.o ./src/ps7_init.o ./src/qspi.o ./src/rsa.o ./src/sd.o   -lrsa -Wl,--start-group,-lxil,-lgcc,-lc,--end-group -Wl,--start-group,-lxilffs,-lxil,-lgcc,-lc,--end-group -Wl,--start-group,-lrsa,-lxil,-lgcc,-lc,--end-group
'Finished building target: zynq_fsbl.elf'
' '
'Invoking: ARM Print Size'
arm-xilinx-eabi-size zynq_fsbl.elf  |tee "zynq_fsbl.elf.size"
   text	   data	    bss	    dec	    hex	filename
  70452	  11884	  73316	 155652	  26004	zynq_fsbl.elf
'Finished building: zynq_fsbl.elf.size'
' '
21:21:54 **** Auto Build of configuration Debug for project Consolidated_330_SW ****
make all 
make: Nothing to be done for `all'.
21:22:45 **** Auto Build of configuration Debug for project Consolidated_330_SW ****
make all 
make: Nothing to be done for `all'.
21:23:36 **** Clean-only build of configuration Debug for project Consolidated_330_SW ****
make clean 
rm -rf  ./supportFiles/Adafruit_GFX.o ./supportFiles/Adafruit_STMPE610.o ./supportFiles/Adafruit_TFTLCD.o ./supportFiles/Print.o ./supportFiles/WString.o ./supportFiles/bluetooth.o ./supportFiles/circularBuffer.o ./supportFiles/display.o ./supportFiles/glcdfont.o ./supportFiles/globalTimer.o ./supportFiles/interrupts.o ./supportFiles/lcd.o ./supportFiles/leds.o ./supportFiles/mio.o ./supportFiles/new.o ./supportFiles/spi.o ./supportFiles/tftGpio.o ./supportFiles/utils.o  ./src/lab_01/main.o  ./src/helloWorld/main.o  ./supportFiles/bluetooth.d ./supportFiles/circularBuffer.d ./supportFiles/glcdfont.d ./supportFiles/globalTimer.d ./supportFiles/interrupts.d ./supportFiles/lcd.d ./supportFiles/leds.d ./supportFiles/mio.d ./supportFiles/spi.d ./supportFiles/tftGpio.d  ./src/lab_01/main.d  ./src/helloWorld/main.d  ./supportFiles/Adafruit_GFX.d ./supportFiles/Adafruit_STMPE610.d ./supportFiles/Adafruit_TFTLCD.d ./supportFiles/Print.d ./supportFiles/WString.d ./supportFiles/display.d ./supportFiles/new.d ./supportFiles/utils.d  Consolidated_330_SW.elf.size  Consolidated_330_SW.elf
' '
21:23:37 **** Auto Build of configuration Debug for project Consolidated_330_SW ****
make all 
'Building file: ../supportFiles/Adafruit_GFX.cpp'
'Invoking: ARM g++ compiler'
arm-xilinx-eabi-g++ -Wall -O0 -g3 -I"J:\ECEN_390\Xilinx\Consolidated_330_SW" -c -fmessage-length=0 -I../../Consolidated_330_SW_bsp/ps7_cortexa9_0/include -MMD -MP -MF"supportFiles/Adafruit_GFX.d" -MT"supportFiles/Adafruit_GFX.d" -o "supportFiles/Adafruit_GFX.o" "../supportFiles/Adafruit_GFX.cpp"
'Finished building: ../supportFiles/Adafruit_GFX.cpp'
' '
'Building file: ../supportFiles/Adafruit_STMPE610.cpp'
'Invoking: ARM g++ compiler'
arm-xilinx-eabi-g++ -Wall -O0 -g3 -I"J:\ECEN_390\Xilinx\Consolidated_330_SW" -c -fmessage-length=0 -I../../Consolidated_330_SW_bsp/ps7_cortexa9_0/include -MMD -MP -MF"supportFiles/Adafruit_STMPE610.d" -MT"supportFiles/Adafruit_STMPE610.d" -o "supportFiles/Adafruit_STMPE610.o" "../supportFiles/Adafruit_STMPE610.cpp"
'Finished building: ../supportFiles/Adafruit_STMPE610.cpp'
' '
'Building file: ../supportFiles/Adafruit_TFTLCD.cpp'
'Invoking: ARM g++ compiler'
arm-xilinx-eabi-g++ -Wall -O0 -g3 -I"J:\ECEN_390\Xilinx\Consolidated_330_SW" -c -fmessage-length=0 -I../../Consolidated_330_SW_bsp/ps7_cortexa9_0/include -MMD -MP -MF"supportFiles/Adafruit_TFTLCD.d" -MT"supportFiles/Adafruit_TFTLCD.d" -o "supportFiles/Adafruit_TFTLCD.o" "../supportFiles/Adafruit_TFTLCD.cpp"
'Finished building: ../supportFiles/Adafruit_TFTLCD.cpp'
' '
'Building file: ../supportFiles/Print.cpp'
'Invoking: ARM g++ compiler'
arm-xilinx-eabi-g++ -Wall -O0 -g3 -I"J:\ECEN_390\Xilinx\Consolidated_330_SW" -c -fmessage-length=0 -I../../Consolidated_330_SW_bsp/ps7_cortexa9_0/include -MMD -MP -MF"supportFiles/Print.d" -MT"supportFiles/Print.d" -o "supportFiles/Print.o" "../supportFiles/Print.cpp"
'Finished building: ../supportFiles/Print.cpp'
' '
'Building file: ../supportFiles/WString.cpp'
'Invoking: ARM g++ compiler'
arm-xilinx-eabi-g++ -Wall -O0 -g3 -I"J:\ECEN_390\Xilinx\Consolidated_330_SW" -c -fmessage-length=0 -I../../Consolidated_330_SW_bsp/ps7_cortexa9_0/include -MMD -MP -MF"supportFiles/WString.d" -MT"supportFiles/WString.d" -o "supportFiles/WString.o" "../supportFiles/WString.cpp"
'Finished building: ../supportFiles/WString.cpp'
' '
'Building file: ../supportFiles/bluetooth.c'
'Invoking: ARM g++ compiler'
arm-xilinx-eabi-g++ -Wall -O0 -g3 -I"J:\ECEN_390\Xilinx\Consolidated_330_SW" -c -fmessage-length=0 -I../../Consolidated_330_SW_bsp/ps7_cortexa9_0/include -MMD -MP -MF"supportFiles/bluetooth.d" -MT"supportFiles/bluetooth.d" -o "supportFiles/bluetooth.o" "../supportFiles/bluetooth.c"
'Finished building: ../supportFiles/bluetooth.c'
' '
'Building file: ../supportFiles/circularBuffer.c'
'Invoking: ARM g++ compiler'
arm-xilinx-eabi-g++ -Wall -O0 -g3 -I"J:\ECEN_390\Xilinx\Consolidated_330_SW" -c -fmessage-length=0 -I../../Consolidated_330_SW_bsp/ps7_cortexa9_0/include -MMD -MP -MF"supportFiles/circularBuffer.d" -MT"supportFiles/circularBuffer.d" -o "supportFiles/circularBuffer.o" "../supportFiles/circularBuffer.c"
'Finished building: ../supportFiles/circularBuffer.c'
' '
'Building file: ../supportFiles/display.cpp'
'Invoking: ARM g++ compiler'
arm-xilinx-eabi-g++ -Wall -O0 -g3 -I"J:\ECEN_390\Xilinx\Consolidated_330_SW" -c -fmessage-length=0 -I../../Consolidated_330_SW_bsp/ps7_cortexa9_0/include -MMD -MP -MF"supportFiles/display.d" -MT"supportFiles/display.d" -o "supportFiles/display.o" "../supportFiles/display.cpp"
'Finished building: ../supportFiles/display.cpp'
' '
'Building file: ../supportFiles/glcdfont.c'
'Invoking: ARM g++ compiler'
arm-xilinx-eabi-g++ -Wall -O0 -g3 -I"J:\ECEN_390\Xilinx\Consolidated_330_SW" -c -fmessage-length=0 -I../../Consolidated_330_SW_bsp/ps7_cortexa9_0/include -MMD -MP -MF"supportFiles/glcdfont.d" -MT"supportFiles/glcdfont.d" -o "supportFiles/glcdfont.o" "../supportFiles/glcdfont.c"
'Finished building: ../supportFiles/glcdfont.c'
' '
'Building file: ../supportFiles/globalTimer.c'
'Invoking: ARM g++ compiler'
arm-xilinx-eabi-g++ -Wall -O0 -g3 -I"J:\ECEN_390\Xilinx\Consolidated_330_SW" -c -fmessage-length=0 -I../../Consolidated_330_SW_bsp/ps7_cortexa9_0/include -MMD -MP -MF"supportFiles/globalTimer.d" -MT"supportFiles/globalTimer.d" -o "supportFiles/globalTimer.o" "../supportFiles/globalTimer.c"
'Finished building: ../supportFiles/globalTimer.c'
' '
'Building file: ../supportFiles/interrupts.c'
'Invoking: ARM g++ compiler'
arm-xilinx-eabi-g++ -Wall -O0 -g3 -I"J:\ECEN_390\Xilinx\Consolidated_330_SW" -c -fmessage-length=0 -I../../Consolidated_330_SW_bsp/ps7_cortexa9_0/include -MMD -MP -MF"supportFiles/interrupts.d" -MT"supportFiles/interrupts.d" -o "supportFiles/interrupts.o" "../supportFiles/interrupts.c"
'Finished building: ../supportFiles/interrupts.c'
' '
'Building file: ../supportFiles/lcd.c'
'Invoking: ARM g++ compiler'
arm-xilinx-eabi-g++ -Wall -O0 -g3 -I"J:\ECEN_390\Xilinx\Consolidated_330_SW" -c -fmessage-length=0 -I../../Consolidated_330_SW_bsp/ps7_cortexa9_0/include -MMD -MP -MF"supportFiles/lcd.d" -MT"supportFiles/lcd.d" -o "supportFiles/lcd.o" "../supportFiles/lcd.c"
'Finished building: ../supportFiles/lcd.c'
' '
'Building file: ../supportFiles/leds.c'
'Invoking: ARM g++ compiler'
arm-xilinx-eabi-g++ -Wall -O0 -g3 -I"J:\ECEN_390\Xilinx\Consolidated_330_SW" -c -fmessage-length=0 -I../../Consolidated_330_SW_bsp/ps7_cortexa9_0/include -MMD -MP -MF"supportFiles/leds.d" -MT"supportFiles/leds.d" -o "supportFiles/leds.o" "../supportFiles/leds.c"
'Finished building: ../supportFiles/leds.c'
' '
'Building file: ../supportFiles/mio.c'
'Invoking: ARM g++ compiler'
arm-xilinx-eabi-g++ -Wall -O0 -g3 -I"J:\ECEN_390\Xilinx\Consolidated_330_SW" -c -fmessage-length=0 -I../../Consolidated_330_SW_bsp/ps7_cortexa9_0/include -MMD -MP -MF"supportFiles/mio.d" -MT"supportFiles/mio.d" -o "supportFiles/mio.o" "../supportFiles/mio.c"
'Finished building: ../supportFiles/mio.c'
' '
'Building file: ../supportFiles/new.cpp'
'Invoking: ARM g++ compiler'
arm-xilinx-eabi-g++ -Wall -O0 -g3 -I"J:\ECEN_390\Xilinx\Consolidated_330_SW" -c -fmessage-length=0 -I../../Consolidated_330_SW_bsp/ps7_cortexa9_0/include -MMD -MP -MF"supportFiles/new.d" -MT"supportFiles/new.d" -o "supportFiles/new.o" "../supportFiles/new.cpp"
'Finished building: ../supportFiles/new.cpp'
' '
'Building file: ../supportFiles/spi.c'
'Invoking: ARM g++ compiler'
arm-xilinx-eabi-g++ -Wall -O0 -g3 -I"J:\ECEN_390\Xilinx\Consolidated_330_SW" -c -fmessage-length=0 -I../../Consolidated_330_SW_bsp/ps7_cortexa9_0/include -MMD -MP -MF"supportFiles/spi.d" -MT"supportFiles/spi.d" -o "supportFiles/spi.o" "../supportFiles/spi.c"
'Finished building: ../supportFiles/spi.c'
' '
'Building file: ../supportFiles/tftGpio.c'
'Invoking: ARM g++ compiler'
arm-xilinx-eabi-g++ -Wall -O0 -g3 -I"J:\ECEN_390\Xilinx\Consolidated_330_SW" -c -fmessage-length=0 -I../../Consolidated_330_SW_bsp/ps7_cortexa9_0/include -MMD -MP -MF"supportFiles/tftGpio.d" -MT"supportFiles/tftGpio.d" -o "supportFiles/tftGpio.o" "../supportFiles/tftGpio.c"
'Finished building: ../supportFiles/tftGpio.c'
' '
'Building file: ../supportFiles/utils.cpp'
'Invoking: ARM g++ compiler'
arm-xilinx-eabi-g++ -Wall -O0 -g3 -I"J:\ECEN_390\Xilinx\Consolidated_330_SW" -c -fmessage-length=0 -I../../Consolidated_330_SW_bsp/ps7_cortexa9_0/include -MMD -MP -MF"supportFiles/utils.d" -MT"supportFiles/utils.d" -o "supportFiles/utils.o" "../supportFiles/utils.cpp"
'Finished building: ../supportFiles/utils.cpp'
' '
'Building file: ../src/lab_01/main.c'
'Invoking: ARM g++ compiler'
arm-xilinx-eabi-g++ -Wall -O0 -g3 -I"J:\ECEN_390\Xilinx\Consolidated_330_SW" -c -fmessage-length=0 -I../../Consolidated_330_SW_bsp/ps7_cortexa9_0/include -MMD -MP -MF"src/lab_01/main.d" -MT"src/lab_01/main.d" -o "src/lab_01/main.o" "../src/lab_01/main.c"
'Finished building: ../src/lab_01/main.c'
' '
'Building target: Consolidated_330_SW.elf'
'Invoking: ARM g++ linker'
arm-xilinx-eabi-g++ -Wl,-T -Wl,../src/lscript.ld -L../../Consolidated_330_SW_bsp/ps7_cortexa9_0/lib -o "Consolidated_330_SW.elf"  ./supportFiles/Adafruit_GFX.o ./supportFiles/Adafruit_STMPE610.o ./supportFiles/Adafruit_TFTLCD.o ./supportFiles/Print.o ./supportFiles/WString.o ./supportFiles/bluetooth.o ./supportFiles/circularBuffer.o ./supportFiles/display.o ./supportFiles/glcdfont.o ./supportFiles/globalTimer.o ./supportFiles/interrupts.o ./supportFiles/lcd.o ./supportFiles/leds.o ./supportFiles/mio.o ./supportFiles/new.o ./supportFiles/spi.o ./supportFiles/tftGpio.o ./supportFiles/utils.o  ./src/lab_01/main.o   -Wl,--start-group,-lxil,-lgcc,-lc,-lstdc++,--end-group
'Finished building target: Consolidated_330_SW.elf'
' '
'Invoking: ARM Print Size'
arm-xilinx-eabi-size Consolidated_330_SW.elf  |tee "Consolidated_330_SW.elf.size"
   text	   data	    bss	    dec	    hex	filename
 199276	   3184	3010216	3212676	 310584	Consolidated_330_SW.elf
'Finished building: Consolidated_330_SW.elf.size'
' '
21:25:24 **** Auto Build of configuration Debug for project Consolidated_330_SW ****
make all 
make: Nothing to be done for `all'.
21:26:10 **** Auto Build of configuration Debug for project Consolidated_330_SW ****
make all 
make: Nothing to be done for `all'.
21:26:25 **** Auto Build of configuration Debug for project Consolidated_330_SW ****
make all 
'Building file: ../src/lab_01/queue.c'
'Invoking: ARM g++ compiler'
arm-xilinx-eabi-g++ -Wall -O0 -g3 -I"J:\ECEN_390\Xilinx\Consolidated_330_SW" -c -fmessage-length=0 -I../../Consolidated_330_SW_bsp/ps7_cortexa9_0/include -MMD -MP -MF"src/lab_01/queue.d" -MT"src/lab_01/queue.d" -o "src/lab_01/queue.o" "../src/lab_01/queue.c"
'Finished building: ../src/lab_01/queue.c'
' '
'Building target: Consolidated_330_SW.elf'
'Invoking: ARM g++ linker'
arm-xilinx-eabi-g++ -Wl,-T -Wl,../src/lscript.ld -L../../Consolidated_330_SW_bsp/ps7_cortexa9_0/lib -o "Consolidated_330_SW.elf"  ./supportFiles/Adafruit_GFX.o ./supportFiles/Adafruit_STMPE610.o ./supportFiles/Adafruit_TFTLCD.o ./supportFiles/Print.o ./supportFiles/WString.o ./supportFiles/bluetooth.o ./supportFiles/circularBuffer.o ./supportFiles/display.o ./supportFiles/glcdfont.o ./supportFiles/globalTimer.o ./supportFiles/interrupts.o ./supportFiles/lcd.o ./supportFiles/leds.o ./supportFiles/mio.o ./supportFiles/new.o ./supportFiles/spi.o ./supportFiles/tftGpio.o ./supportFiles/utils.o  ./src/lab_01/main.o ./src/lab_01/queue.o   -Wl,--start-group,-lxil,-lgcc,-lc,-lstdc++,--end-group
'Finished building target: Consolidated_330_SW.elf'
' '
'Invoking: ARM Print Size'
arm-xilinx-eabi-size Consolidated_330_SW.elf  |tee "Consolidated_330_SW.elf.size"
   text	   data	    bss	    dec	    hex	filename
 199276	   3184	3010216	3212676	 310584	Consolidated_330_SW.elf
'Finished building: Consolidated_330_SW.elf.size'
' '
21:26:47 **** Auto Build of configuration Debug for project Consolidated_330_SW ****
make all 
J:\ECEN_390\Xilinx\Consolidated_330_SW\Debug/../src/lab_01/queue.c:405: undefined reference to `queue_elementCount(queue_t*)'
collect2.exe: error: ld returned 1 exit status
make: *** [Consolidated_330_SW.elf] Error 1
lude -MMD -MP -MF"src/lab_01/queue.d" -MT"src/lab_01/queue.d" -o "src/lab_01/queue.o" "../src/lab_01/queue.c"
'Finished building: ../src/lab_01/queue.c'
' '
'Building target: Consolidated_330_SW.elf'
'Invoking: ARM g++ linker'
arm-xilinx-eabi-g++ -Wl,-T -Wl,../src/lscript.ld -L../../Consolidated_330_SW_bsp/ps7_cortexa9_0/lib -o "Consolidated_330_SW.elf"  ./supportFiles/Adafruit_GFX.o ./supportFiles/Adafruit_STMPE610.o ./supportFiles/Adafruit_TFTLCD.o ./supportFiles/Print.o ./supportFiles/WString.o ./supportFiles/bluetooth.o ./supportFiles/circularBuffer.o ./supportFiles/display.o ./supportFiles/glcdfont.o ./supportFiles/globalTimer.o ./supportFiles/interrupts.o ./supportFiles/lcd.o ./supportFiles/leds.o ./supportFiles/mio.o ./supportFiles/new.o ./supportFiles/spi.o ./supportFiles/tftGpio.o ./supportFiles/utils.o  ./src/lab_01/main.o ./src/lab_01/queue.o   -Wl,--start-group,-lxil,-lgcc,-lc,-lstdc++,--end-group
./src/lab_01/queue.o: In function `queue_printQueueStatus':
J:\ECEN_390\Xilinx\Consolidated_330_SW\Debug/../src/lab_01/queue.c:55: undefined reference to `queue_overflow(queue_t*)'
J:\ECEN_390\Xilinx\Consolidated_330_SW\Debug/../src/lab_01/queue.c:62: undefined reference to `queue_underflow(queue_t*)'
J:\ECEN_390\Xilinx\Consolidated_330_SW\Debug/../src/lab_01/queue.c:69: undefined reference to `queue_full(queue_t*)'
J:\ECEN_390\Xilinx\Consolidated_330_SW\Debug/../src/lab_01/queue.c:73: undefined reference to `queue_elementCount(queue_t*)'
J:\ECEN_390\Xilinx\Consolidated_330_SW\Debug/../src/lab_01/queue.c:77: undefined reference to `queue_elementCount(queue_t*)'
J:\ECEN_390\Xilinx\Consolidated_330_SW\Debug/../src/lab_01/queue.c:80: undefined reference to `queue_empty(queue_t*)'
J:\ECEN_390\Xilinx\Consolidated_330_SW\Debug/../src/lab_01/queue.c:87: undefined reference to `queue_elementCount(queue_t*)'
./src/lab_01/queue.o: In function `queue_emptyTest':
J:\ECEN_390\Xilinx\Consolidated_330_SW\Debug/../src/lab_01/queue.c:102: undefined reference to `queue_pop(queue_t*)'
J:\ECEN_390\Xilinx\Consolidated_330_SW\Debug/../src/lab_01/queue.c:118: undefined reference to `queue_readElementAt(queue_t*, unsigned long)'
./src/lab_01/queue.o: In function `queue_fillTest':
J:\ECEN_390\Xilinx\Consolidated_330_SW\Debug/../src/lab_01/queue.c:140: undefined reference to `queue_push(queue_t*, double)'
J:\ECEN_390\Xilinx\Consolidated_330_SW\Debug/../src/lab_01/queue.c:143: undefined reference to `queue_readElementAt(queue_t*, unsigned long)'
./src/lab_01/queue.o: In function `queue_pushPopTest':
J:\ECEN_390\Xilinx\Consolidated_330_SW\Debug/../src/lab_01/queue.c:192: undefined reference to `queue_empty(queue_t*)'
J:\ECEN_390\Xilinx\Consolidated_330_SW\Debug/../src/lab_01/queue.c:203: undefined reference to `queue_elementCount(queue_t*)'
J:\ECEN_390\Xilinx\Consolidated_330_SW\Debug/../src/lab_01/queue.c:214: undefined reference to `queue_push(queue_t*, double)'
J:\ECEN_390\Xilinx\Consolidated_330_SW\Debug/../src/lab_01/queue.c:219: undefined reference to `queue_elementCount(queue_t*)'
J:\ECEN_390\Xilinx\Consolidated_330_SW\Debug/../src/lab_01/queue.c:221: undefined reference to `queue_elementCount(queue_t*)'
J:\ECEN_390\Xilinx\Consolidated_330_SW\Debug/../src/lab_01/queue.c:235: undefined reference to `queue_pop(queue_t*)'
./src/lab_01/queue.o: In function `queue_testErrorConditions()':
J:\ECEN_390\Xilinx\Consolidated_330_SW\Debug/../src/lab_01/queue.c:257: undefined reference to `queue_empty(queue_t*)'
J:\ECEN_390\Xilinx\Consolidated_330_SW\Debug/../src/lab_01/queue.c:265: undefined reference to `queue_pop(queue_t*)'
J:\ECEN_390\Xilinx\Consolidated_330_SW\Debug/../src/lab_01/queue.c:266: undefined reference to `queue_underflow(queue_t*)'
J:\ECEN_390\Xilinx\Consolidated_330_SW\Debug/../src/lab_01/queue.c:274: undefined reference to `queue_push(queue_t*, double)'
J:\ECEN_390\Xilinx\Consolidated_330_SW\Debug/../src/lab_01/queue.c:277: undefined reference to `queue_overflow(queue_t*)'
J:\ECEN_390\Xilinx\Consolidated_330_SW\Debug/../src/lab_01/queue.c:283: undefined reference to `queue_underflow(queue_t*)'
J:\ECEN_390\Xilinx\Consolidated_330_SW\Debug/../src/lab_01/queue.c:289: undefined reference to `queue_full(queue_t*)'
J:\ECEN_390\Xilinx\Consolidated_330_SW\Debug/../src/lab_01/queue.c:295: undefined reference to `queue_pop(queue_t*)'
J:\ECEN_390\Xilinx\Consolidated_330_SW\Debug/../src/lab_01/queue.c:296: undefined reference to `queue_overflow(queue_t*)'
J:\ECEN_390\Xilinx\Consolidated_330_SW\Debug/../src/lab_01/queue.c:302: undefined reference to `queue_full(queue_t*)'
J:\ECEN_390\Xilinx\Consolidated_330_SW\Debug/../src/lab_01/queue.c:308: undefined reference to `queue_underflow(queue_t*)'
./src/lab_01/queue.o: In function `queue_overwritePushTest()':
J:\ECEN_390\Xilinx\Consolidated_330_SW\Debug/../src/lab_01/queue.c:336: undefined reference to `queue_overwritePush(queue_t*, double)'
J:\ECEN_390\Xilinx\Consolidated_330_SW\Debug/../src/lab_01/queue.c:339: undefined reference to `queue_overwritePush(queue_t*, double)'
J:\ECEN_390\Xilinx\Consolidated_330_SW\Debug/../src/lab_01/queue.c:343: undefined reference to `queue_readElementAt(queue_t*, unsigned long)'
./src/lab_01/queue.o: In function `queue_runTest()':
J:\ECEN_390\Xilinx\Consolidated_330_SW\Debug/../src/lab_01/queue.c:389: undefined reference to `queue_elementCount(queue_t*)'
J:\ECEN_390\Xilinx\Consolidated_330_SW\Debug/../src/lab_01/queue.c:390: undefined reference to `queue_elementCount(queue_t*)'
21:29:22 **** Auto Build of configuration Debug for project Consolidated_330_SW ****
make all 
'Building file: ../src/lab_01/queue.c'
'Invoking: ARM g++ compiler'
arm-xilinx-eabi-g++ -Wall -O0 -g3 -I"J:\ECEN_390\Xilinx\Consolidated_330_SW" -c -fmessage-length=0 -I../../Consolidated_330_SW_bsp/ps7_cortexa9_0/include -MMD -MP -MF"src/lab_01/queue.d" -MT"src/lab_01/queue.d" -o "src/lab_01/queue.o" "../src/lab_01/queue.c"
../src/lab_01/queue.c: In function 'bool queue_full(queue_t*)':
../src/lab_01/queue.c:44:65: error: 'incrementIndex' was not declared in this scope
 bool queue_full(queue_t* q) {return (incrementIndex(q,q->indexIn) == q->indexOut);}
                                                                 ^
../src/lab_01/queue.c: In function 'void queue_push(queue_t*, queue_data_t)':
../src/lab_01/queue.c:70:5: error: 'overflowFlag' was not declared in this scope
     overflowFlag = 1;                               // set overflowFlag
     ^
../src/lab_01/queue.c:72:5: error: break statement not within loop or switch
     break;                                          // exit funtion without changing queue
     ^
../src/lab_01/queue.c:77:3: error: 'underflowFlag' was not declared in this scope
   underflowFlag = 0;                                // set underflowFlag
   ^
../src/lab_01/queue.c: In function 'void queue_overwritePush(queue_t*, queue_data_t)':
../src/lab_01/queue.c:83:19: warning: the address of 'bool queue_full(queue_t*)' will always evaluate as 'true' [-Waddress]
     if (queue_full){queue_pop(q);}
                   ^
../src/lab_01/queue.c: In function 'queue_data_t queue_readElementAt(queue_t*, queue_index_t)':
../src/lab_01/queue.c:92:120: warning: format '%d' expects argument of type 'int', but argument 2 has type 'queue_index_t {aka long unsigned int}' [-Wformat=]
       printf("ERROR: Cannot access element %d because queue %s only has %d elements\n", index, q->name, q->elementCount);
                                                                                                                        ^
../src/lab_01/queue.c:92:120: warning: format '%d' expects argument of type 'int', but argument 4 has type 'queue_size_t {aka long unsigned int}' [-Wformat=]
../src/lab_01/queue.c:92:120: warning: format '%d' expects argument of type 'int', but argument 2 has type 'queue_index_t {aka long unsigned int}' [-Wformat=]
../src/lab_01/queue.c:92:120: warning: format '%d' expects argument of type 'int', but argument 4 has type 'queue_size_t {aka long unsigned int}' [-Wformat=]
../src/lab_01/queue.c: In function 'queue_size_t queue_elementCount(queue_t*)':
../src/lab_01/queue.c:111:23: warning: the address of 'bool queue_empty(queue_t*)' will always evaluate as 'true' [-Waddress]
   else if (queue_empty){return 0;}                    // check if queue is empty
                       ^
../src/lab_01/queue.c:113:1: error: expected ';' before '}' token
 }
 ^
../src/lab_01/queue.c: In function 'void queue_print(queue_t*)':
../src/lab_01/queue.c:124:30: warning: comparison between signed and unsigned integer expressions [-Wsign-compare]
   for (int32_t i = 0; i < q->elementCount){
                              ^
../src/lab_01/queue.c:124:42: error: expected ';' before ')' token
   for (int32_t i = 0; i < q->elementCount){
                                          ^
../src/lab_01/queue.c:125:48: warning: format '%d' expects argument of type 'int', but argument 2 has type 'queue_data_t {aka double}' [-Wformat=]
     printf("%d \r\n", queue_readElementAt(q, i));
                                                ^
../src/lab_01/queue.c:125:48: warning: format '%d' expects argument of type 'int', but argument 2 has type 'queue_data_t {aka double}' [-Wformat=]
../src/lab_01/queue.c: In function 'bool queue_full(queue_t*)':
../src/lab_01/queue.c:44:83: warning: control reaches end of non-void function [-Wreturn-type]
 bool queue_full(queue_t* q) {return (incrementIndex(q,q->indexIn) == q->indexOut);}
                                                                                   ^
make: *** [src/lab_01/queue.o] Error 1
21:31:09 **** Auto Build of configuration Debug for project Consolidated_330_SW ****
make all 
'Building file: ../src/lab_01/queue.c'
'Invoking: ARM g++ compiler'
arm-xilinx-eabi-g++ -Wall -O0 -g3 -I"J:\ECEN_390\Xilinx\Consolidated_330_SW" -c -fmessage-length=0 -I../../Consolidated_330_SW_bsp/ps7_cortexa9_0/include -MMD -MP -MF"src/lab_01/queue.d" -MT"src/lab_01/queue.d" -o "src/lab_01/queue.o" "../src/lab_01/queue.c"
../src/lab_01/queue.c: In function 'void queue_push(queue_t*, queue_data_t)':
../src/lab_01/queue.c:71:5: error: 'overflowFlag' was not declared in this scope
     overflowFlag = 1;                               // set overflowFlag
     ^
../src/lab_01/queue.c:73:5: error: break statement not within loop or switch
     break;                                          // exit funtion without changing queue
     ^
../src/lab_01/queue.c:78:3: error: 'underflowFlag' was not declared in this scope
   underflowFlag = 0;                                // set underflowFlag
   ^
../src/lab_01/queue.c: In function 'void queue_overwritePush(queue_t*, queue_data_t)':
../src/lab_01/queue.c:84:19: warning: the address of 'bool queue_full(queue_t*)' will always evaluate as 'true' [-Waddress]
     if (queue_full){queue_pop(q);}
                   ^
../src/lab_01/queue.c: In function 'queue_data_t queue_readElementAt(queue_t*, queue_index_t)':
../src/lab_01/queue.c:93:120: warning: format '%d' expects argument of type 'int', but argument 2 has type 'queue_index_t {aka long unsigned int}' [-Wformat=]
       printf("ERROR: Cannot access element %d because queue %s only has %d elements\n", index, q->name, q->elementCount);
                                                                                                                        ^
../src/lab_01/queue.c:93:120: warning: format '%d' expects argument of type 'int', but argument 4 has type 'queue_size_t {aka long unsigned int}' [-Wformat=]
../src/lab_01/queue.c:93:120: warning: format '%d' expects argument of type 'int', but argument 2 has type 'queue_index_t {aka long unsigned int}' [-Wformat=]
../src/lab_01/queue.c:93:120: warning: format '%d' expects argument of type 'int', but argument 4 has type 'queue_size_t {aka long unsigned int}' [-Wformat=]
../src/lab_01/queue.c: In function 'queue_size_t queue_elementCount(queue_t*)':
../src/lab_01/queue.c:112:23: warning: the address of 'bool queue_empty(queue_t*)' will always evaluate as 'true' [-Waddress]
   else if (queue_empty){return 0;}                    // check if queue is empty
                       ^
../src/lab_01/queue.c:114:1: error: expected ';' before '}' token
 }
 ^
../src/lab_01/queue.c: In function 'void queue_print(queue_t*)':
../src/lab_01/queue.c:125:30: warning: comparison between signed and unsigned integer expressions [-Wsign-compare]
   for (int32_t i = 0; i < q->elementCount){
                              ^
../src/lab_01/queue.c:125:42: error: expected ';' before ')' token
   for (int32_t i = 0; i < q->elementCount){
                                          ^
../src/lab_01/queue.c:126:48: warning: format '%d' expects argument of type 'int', but argument 2 has type 'queue_data_t {aka double}' [-Wformat=]
     printf("%d \r\n", queue_readElementAt(q, i));
                                                ^
../src/lab_01/queue.c:126:48: warning: format '%d' expects argument of type 'int', but argument 2 has type 'queue_data_t {aka double}' [-Wformat=]
make: *** [src/lab_01/queue.o] Error 1
21:31:38 **** Auto Build of configuration Debug for project Consolidated_330_SW ****
make all 
'Building file: ../src/lab_01/queue.c'
'Invoking: ARM g++ compiler'
arm-xilinx-eabi-g++ -Wall -O0 -g3 -I"J:\ECEN_390\Xilinx\Consolidated_330_SW" -c -fmessage-length=0 -I../../Consolidated_330_SW_bsp/ps7_cortexa9_0/include -MMD -MP -MF"src/lab_01/queue.d" -MT"src/lab_01/queue.d" -o "src/lab_01/queue.o" "../src/lab_01/queue.c"
../src/lab_01/queue.c: In function 'void queue_push(queue_t*, queue_data_t)':
../src/lab_01/queue.c:73:5: error: break statement not within loop or switch
     break;                                          // exit funtion without changing queue
     ^
../src/lab_01/queue.c:78:3: error: 'underflowFlag' was not declared in this scope
   underflowFlag = 0;                                // set underflowFlag
   ^
../src/lab_01/queue.c: In function 'void queue_overwritePush(queue_t*, queue_data_t)':
../src/lab_01/queue.c:84:19: warning: the address of 'bool queue_full(queue_t*)' will always evaluate as 'true' [-Waddress]
     if (queue_full){queue_pop(q);}
                   ^
../src/lab_01/queue.c: In function 'queue_data_t queue_readElementAt(queue_t*, queue_index_t)':
../src/lab_01/queue.c:93:120: warning: format '%d' expects argument of type 'int', but argument 2 has type 'queue_index_t {aka long unsigned int}' [-Wformat=]
       printf("ERROR: Cannot access element %d because queue %s only has %d elements\n", index, q->name, q->elementCount);
                                                                                                                        ^
../src/lab_01/queue.c:93:120: warning: format '%d' expects argument of type 'int', but argument 4 has type 'queue_size_t {aka long unsigned int}' [-Wformat=]
../src/lab_01/queue.c:93:120: warning: format '%d' expects argument of type 'int', but argument 2 has type 'queue_index_t {aka long unsigned int}' [-Wformat=]
../src/lab_01/queue.c:93:120: warning: format '%d' expects argument of type 'int', but argument 4 has type 'queue_size_t {aka long unsigned int}' [-Wformat=]
../src/lab_01/queue.c: In function 'queue_size_t queue_elementCount(queue_t*)':
../src/lab_01/queue.c:112:23: warning: the address of 'bool queue_empty(queue_t*)' will always evaluate as 'true' [-Waddress]
   else if (queue_empty){return 0;}                    // check if queue is empty
                       ^
../src/lab_01/queue.c:114:1: error: expected ';' before '}' token
 }
 ^
../src/lab_01/queue.c: In function 'void queue_print(queue_t*)':
../src/lab_01/queue.c:125:30: warning: comparison between signed and unsigned integer expressions [-Wsign-compare]
   for (int32_t i = 0; i < q->elementCount){
                              ^
../src/lab_01/queue.c:125:42: error: expected ';' before ')' token
   for (int32_t i = 0; i < q->elementCount){
                                          ^
../src/lab_01/queue.c:126:48: warning: format '%d' expects argument of type 'int', but argument 2 has type 'queue_data_t {aka double}' [-Wformat=]
     printf("%d \r\n", queue_readElementAt(q, i));
                                                ^
../src/lab_01/queue.c:126:48: warning: format '%d' expects argument of type 'int', but argument 2 has type 'queue_data_t {aka double}' [-Wformat=]
make: *** [src/lab_01/queue.o] Error 1
21:31:55 **** Auto Build of configuration Debug for project Consolidated_330_SW ****
make all 
'Building file: ../src/lab_01/queue.c'
'Invoking: ARM g++ compiler'
arm-xilinx-eabi-g++ -Wall -O0 -g3 -I"J:\ECEN_390\Xilinx\Consolidated_330_SW" -c -fmessage-length=0 -I../../Consolidated_330_SW_bsp/ps7_cortexa9_0/include -MMD -MP -MF"src/lab_01/queue.d" -MT"src/lab_01/queue.d" -o "src/lab_01/queue.o" "../src/lab_01/queue.c"
../src/lab_01/queue.c: In function 'void queue_push(queue_t*, queue_data_t)':
../src/lab_01/queue.c:73:5: error: break statement not within loop or switch
     break;                                          // exit funtion without changing queue
     ^
../src/lab_01/queue.c: In function 'void queue_overwritePush(queue_t*, queue_data_t)':
../src/lab_01/queue.c:84:19: warning: the address of 'bool queue_full(queue_t*)' will always evaluate as 'true' [-Waddress]
     if (queue_full){queue_pop(q);}
                   ^
../src/lab_01/queue.c: In function 'queue_data_t queue_readElementAt(queue_t*, queue_index_t)':
../src/lab_01/queue.c:93:120: warning: format '%d' expects argument of type 'int', but argument 2 has type 'queue_index_t {aka long unsigned int}' [-Wformat=]
       printf("ERROR: Cannot access element %d because queue %s only has %d elements\n", index, q->name, q->elementCount);
                                                                                                                        ^
../src/lab_01/queue.c:93:120: warning: format '%d' expects argument of type 'int', but argument 4 has type 'queue_size_t {aka long unsigned int}' [-Wformat=]
../src/lab_01/queue.c:93:120: warning: format '%d' expects argument of type 'int', but argument 2 has type 'queue_index_t {aka long unsigned int}' [-Wformat=]
../src/lab_01/queue.c:93:120: warning: format '%d' expects argument of type 'int', but argument 4 has type 'queue_size_t {aka long unsigned int}' [-Wformat=]
../src/lab_01/queue.c: In function 'queue_size_t queue_elementCount(queue_t*)':
../src/lab_01/queue.c:112:23: warning: the address of 'bool queue_empty(queue_t*)' will always evaluate as 'true' [-Waddress]
   else if (queue_empty){return 0;}                    // check if queue is empty
                       ^
../src/lab_01/queue.c:114:1: error: expected ';' before '}' token
 }
 ^
../src/lab_01/queue.c: In function 'void queue_print(queue_t*)':
../src/lab_01/queue.c:125:30: warning: comparison between signed and unsigned integer expressions [-Wsign-compare]
   for (int32_t i = 0; i < q->elementCount){
                              ^
../src/lab_01/queue.c:125:42: error: expected ';' before ')' token
   for (int32_t i = 0; i < q->elementCount){
                                          ^
../src/lab_01/queue.c:126:48: warning: format '%d' expects argument of type 'int', but argument 2 has type 'queue_data_t {aka double}' [-Wformat=]
     printf("%d \r\n", queue_readElementAt(q, i));
                                                ^
../src/lab_01/queue.c:126:48: warning: format '%d' expects argument of type 'int', but argument 2 has type 'queue_data_t {aka double}' [-Wformat=]
make: *** [src/lab_01/queue.o] Error 1
21:45:03 **** Auto Build of configuration Debug for project Consolidated_330_SW ****
make all 
'Building file: ../src/lab_01/queue.c'
'Invoking: ARM g++ compiler'
arm-xilinx-eabi-g++ -Wall -O0 -g3 -I"J:\ECEN_390\Xilinx\Consolidated_330_SW" -c -fmessage-length=0 -I../../Consolidated_330_SW_bsp/ps7_cortexa9_0/include -MMD -MP -MF"src/lab_01/queue.d" -MT"src/lab_01/queue.d" -o "src/lab_01/queue.o" "../src/lab_01/queue.c"
../src/lab_01/queue.c: In function 'void queue_push(queue_t*, queue_data_t)':
../src/lab_01/queue.c:73:5: error: break statement not within loop or switch
     break;                                          // exit funtion without changing queue
     ^
../src/lab_01/queue.c: In function 'void queue_overwritePush(queue_t*, queue_data_t)':
../src/lab_01/queue.c:84:19: warning: the address of 'bool queue_full(queue_t*)' will always evaluate as 'true' [-Waddress]
     if (queue_full){queue_pop(q);}
                   ^
../src/lab_01/queue.c: In function 'queue_data_t queue_readElementAt(queue_t*, queue_index_t)':
../src/lab_01/queue.c:93:120: warning: format '%d' expects argument of type 'int', but argument 2 has type 'queue_index_t {aka long unsigned int}' [-Wformat=]
       printf("ERROR: Cannot access element %d because queue %s only has %d elements\n", index, q->name, q->elementCount);
                                                                                                                        ^
../src/lab_01/queue.c:93:120: warning: format '%d' expects argument of type 'int', but argument 4 has type 'queue_size_t {aka long unsigned int}' [-Wformat=]
../src/lab_01/queue.c:93:120: warning: format '%d' expects argument of type 'int', but argument 2 has type 'queue_index_t {aka long unsigned int}' [-Wformat=]
../src/lab_01/queue.c:93:120: warning: format '%d' expects argument of type 'int', but argument 4 has type 'queue_size_t {aka long unsigned int}' [-Wformat=]
../src/lab_01/queue.c: In function 'queue_size_t queue_elementCount(queue_t*)':
../src/lab_01/queue.c:112:23: warning: the address of 'bool queue_empty(queue_t*)' will always evaluate as 'true' [-Waddress]
   else if (queue_empty){return 0;}                    // check if queue is empty
                       ^
[...]
       printf("ERROR: Cannot access element %d because queue %s only has %d elements\n", index, q->name, q->elementCount);
                                                                                                                        ^
../src/lab_01/queue.c:93:120: warning: format '%d' expects argument of type 'int', but argument 4 has type 'queue_size_t {aka long unsigned int}' [-Wformat=]
../src/lab_01/queue.c:93:120: warning: format '%d' expects argument of type 'int', but argument 2 has type 'queue_index_t {aka long unsigned int}' [-Wformat=]
../src/lab_01/queue.c:93:120: warning: format '%d' expects argument of type 'int', but argument 4 has type 'queue_size_t {aka long unsigned int}' [-Wformat=]
../src/lab_01/queue.c: In function 'queue_size_t queue_elementCount(queue_t*)':
../src/lab_01/queue.c:112:23: warning: the address of 'bool queue_empty(queue_t*)' will always evaluate as 'true' [-Waddress]
   else if (queue_empty){return 0;}                    // check if queue is empty
                       ^
../src/lab_01/queue.c: In function 'void queue_print(queue_t*)':
../src/lab_01/queue.c:126:48: warning: format '%d' expects argument of type 'int', but argument 2 has type 'queue_data_t {aka double}' [-Wformat=]
     printf("%d \r\n", queue_readElementAt(q, i));
                                                ^
../src/lab_01/queue.c:126:48: warning: format '%d' expects argument of type 'int', but argument 2 has type 'queue_data_t {aka double}' [-Wformat=]
make: *** [src/lab_01/queue.o] Error 1
21:47:20 **** Auto Build of configuration Debug for project Consolidated_330_SW ****
make all 
'Building file: ../src/lab_01/queue.c'
'Invoking: ARM g++ compiler'
arm-xilinx-eabi-g++ -Wall -O0 -g3 -I"J:\ECEN_390\Xilinx\Consolidated_330_SW" -c -fmessage-length=0 -I../../Consolidated_330_SW_bsp/ps7_cortexa9_0/include -MMD -MP -MF"src/lab_01/queue.d" -MT"src/lab_01/queue.d" -o "src/lab_01/queue.o" "../src/lab_01/queue.c"
../src/lab_01/queue.c: In function 'void queue_push(queue_t*, queue_data_t)':
../src/lab_01/queue.c:73:5: error: break statement not within loop or switch
     break;                                          // exit funtion without changing queue
     ^
../src/lab_01/queue.c: In function 'void queue_overwritePush(queue_t*, queue_data_t)':
../src/lab_01/queue.c:84:19: warning: the address of 'bool queue_full(queue_t*)' will always evaluate as 'true' [-Waddress]
     if (queue_full){queue_pop(q);}
                   ^
../src/lab_01/queue.c: In function 'queue_data_t queue_readElementAt(queue_t*, queue_index_t)':
../src/lab_01/queue.c:93:120: warning: format '%d' expects argument of type 'int', but argument 2 has type 'queue_index_t {aka long unsigned int}' [-Wformat=]
       printf("ERROR: Cannot access element %d because queue %s only has %d elements\n", index, q->name, q->elementCount);
                                                                                                                        ^
../src/lab_01/queue.c:93:120: warning: format '%d' expects argument of type 'int', but argument 4 has type 'queue_size_t {aka long unsigned int}' [-Wformat=]
../src/lab_01/queue.c:93:120: warning: format '%d' expects argument of type 'int', but argument 2 has type 'queue_index_t {aka long unsigned int}' [-Wformat=]
../src/lab_01/queue.c:93:120: warning: format '%d' expects argument of type 'int', but argument 4 has type 'queue_size_t {aka long unsigned int}' [-Wformat=]
../src/lab_01/queue.c: In function 'queue_size_t queue_elementCount(queue_t*)':
../src/lab_01/queue.c:112:23: warning: the address of 'bool queue_empty(queue_t*)' will always evaluate as 'true' [-Waddress]
   else if (queue_empty){return 0;}                    // check if queue is empty
                       ^
make: *** [src/lab_01/queue.o] Error 1
21:48:01 **** Auto Build of configuration Debug for project Consolidated_330_SW ****
make all 
'Building file: ../src/lab_01/queue.c'
'Invoking: ARM g++ compiler'
arm-xilinx-eabi-g++ -Wall -O0 -g3 -I"J:\ECEN_390\Xilinx\Consolidated_330_SW" -c -fmessage-length=0 -I../../Consolidated_330_SW_bsp/ps7_cortexa9_0/include -MMD -MP -MF"src/lab_01/queue.d" -MT"src/lab_01/queue.d" -o "src/lab_01/queue.o" "../src/lab_01/queue.c"
../src/lab_01/queue.c: In function 'void queue_push(queue_t*, queue_data_t)':
../src/lab_01/queue.c:73:5: error: break statement not within loop or switch
     break;                                          // exit funtion without changing queue
     ^
../src/lab_01/queue.c: In function 'void queue_overwritePush(queue_t*, queue_data_t)':
../src/lab_01/queue.c:84:19: warning: the address of 'bool queue_full(queue_t*)' will always evaluate as 'true' [-Waddress]
     if (queue_full){queue_pop(q);}
                   ^
../src/lab_01/queue.c: In function 'queue_data_t queue_readElementAt(queue_t*, queue_index_t)':
../src/lab_01/queue.c:93:120: warning: format '%f' expects argument of type 'double', but argument 2 has type 'queue_index_t {aka long unsigned int}' [-Wformat=]
       printf("ERROR: Cannot access element %f because queue %s only has %f elements\n", index, q->name, q->elementCount);
                                                                                                                        ^
../src/lab_01/queue.c:93:120: warning: format '%f' expects argument of type 'double', but argument 4 has type 'queue_size_t {aka long unsigned int}' [-Wformat=]
../src/lab_01/queue.c:93:120: warning: format '%f' expects argument of type 'double', but argument 2 has type 'queue_index_t {aka long unsigned int}' [-Wformat=]
../src/lab_01/queue.c:93:120: warning: format '%f' expects argument of type 'double', but argument 4 has type 'queue_size_t {aka long unsigned int}' [-Wformat=]
../src/lab_01/queue.c: In function 'queue_size_t queue_elementCount(queue_t*)':
../src/lab_01/queue.c:112:23: warning: the address of 'bool queue_empty(queue_t*)' will always evaluate as 'true' [-Waddress]
   else if (queue_empty){return 0;}                    // check if queue is empty
                       ^
make: *** [src/lab_01/queue.o] Error 1
21:48:13 **** Auto Build of configuration Debug for project Consolidated_330_SW ****
make all 
'Building file: ../src/lab_01/queue.c'
'Invoking: ARM g++ compiler'
arm-xilinx-eabi-g++ -Wall -O0 -g3 -I"J:\ECEN_390\Xilinx\Consolidated_330_SW" -c -fmessage-length=0 -I../../Consolidated_330_SW_bsp/ps7_cortexa9_0/include -MMD -MP -MF"src/lab_01/queue.d" -MT"src/lab_01/queue.d" -o "src/lab_01/queue.o" "../src/lab_01/queue.c"
../src/lab_01/queue.c: In function 'void queue_push(queue_t*, queue_data_t)':
../src/lab_01/queue.c:73:5: error: break statement not within loop or switch
     break;                                          // exit funtion without changing queue
     ^
../src/lab_01/queue.c: In function 'void queue_overwritePush(queue_t*, queue_data_t)':
../src/lab_01/queue.c:84:19: warning: the address of 'bool queue_full(queue_t*)' will always evaluate as 'true' [-Waddress]
     if (queue_full){queue_pop(q);}
                   ^
../src/lab_01/queue.c: In function 'queue_data_t queue_readElementAt(queue_t*, queue_index_t)':
../src/lab_01/queue.c:93:120: warning: format '%s' expects argument of type 'char*', but argument 2 has type 'queue_index_t {aka long unsigned int}' [-Wformat=]
       printf("ERROR: Cannot access element %s because queue %s only has %f elements\n", index, q->name, q->elementCount);
                                                                                                                        ^
../src/lab_01/queue.c:93:120: warning: format '%f' expects argument of type 'double', but argument 4 has type 'queue_size_t {aka long unsigned int}' [-Wformat=]
../src/lab_01/queue.c:93:120: warning: format '%s' expects argument of type 'char*', but argument 2 has type 'queue_index_t {aka long unsigned int}' [-Wformat=]
../src/lab_01/queue.c:93:120: warning: format '%f' expects argument of type 'double', but argument 4 has type 'queue_size_t {aka long unsigned int}' [-Wformat=]
../src/lab_01/queue.c: In function 'queue_size_t queue_elementCount(queue_t*)':
../src/lab_01/queue.c:112:23: warning: the address of 'bool queue_empty(queue_t*)' will always evaluate as 'true' [-Waddress]
   else if (queue_empty){return 0;}                    // check if queue is empty
                       ^
make: *** [src/lab_01/queue.o] Error 1
21:48:38 **** Auto Build of configuration Debug for project Consolidated_330_SW ****
make all 
'Building file: ../src/lab_01/queue.c'
'Invoking: ARM g++ compiler'
arm-xilinx-eabi-g++ -Wall -O0 -g3 -I"J:\ECEN_390\Xilinx\Consolidated_330_SW" -c -fmessage-length=0 -I../../Consolidated_330_SW_bsp/ps7_cortexa9_0/include -MMD -MP -MF"src/lab_01/queue.d" -MT"src/lab_01/queue.d" -o "src/lab_01/queue.o" "../src/lab_01/queue.c"
../src/lab_01/queue.c: In function 'void queue_push(queue_t*, queue_data_t)':
../src/lab_01/queue.c:73:5: error: break statement not within loop or switch
     break;                                          // exit funtion without changing queue
     ^
../src/lab_01/queue.c: In function 'void queue_overwritePush(queue_t*, queue_data_t)':
../src/lab_01/queue.c:84:19: warning: the address of 'bool queue_full(queue_t*)' will always evaluate as 'true' [-Waddress]
     if (queue_full){queue_pop(q);}
                   ^
../src/lab_01/queue.c: In function 'queue_data_t queue_readElementAt(queue_t*, queue_index_t)':
../src/lab_01/queue.c:93:120: warning: format '%d' expects argument of type 'int', but argument 2 has type 'queue_index_t {aka long unsigned int}' [-Wformat=]
       printf("ERROR: Cannot access element %d because queue %s only has %d elements\n", index, q->name, q->elementCount);
                                                                                                                        ^
../src/lab_01/queue.c:93:120: warning: format '%d' expects argument of type 'int', but argument 4 has type 'queue_size_t {aka long unsigned int}' [-Wformat=]
../src/lab_01/queue.c:93:120: warning: format '%d' expects argument of type 'int', but argument 2 has type 'queue_index_t {aka long unsigned int}' [-Wformat=]
../src/lab_01/queue.c:93:120: warning: format '%d' expects argument of type 'int', but argument 4 has type 'queue_size_t {aka long unsigned int}' [-Wformat=]
../src/lab_01/queue.c: In function 'queue_size_t queue_elementCount(queue_t*)':
../src/lab_01/queue.c:112:23: warning: the address of 'bool queue_empty(queue_t*)' will always evaluate as 'true' [-Waddress]
   else if (queue_empty){return 0;}                    // check if queue is empty
                       ^
make: *** [src/lab_01/queue.o] Error 1
21:48:58 **** Auto Build of configuration Debug for project Consolidated_330_SW ****
make all 
'Building file: ../src/lab_01/queue.c'
'Invoking: ARM g++ compiler'
arm-xilinx-eabi-g++ -Wall -O0 -g3 -I"J:\ECEN_390\Xilinx\Consolidated_330_SW" -c -fmessage-length=0 -I../../Consolidated_330_SW_bsp/ps7_cortexa9_0/include -MMD -MP -MF"src/lab_01/queue.d" -MT"src/lab_01/queue.d" -o "src/lab_01/queue.o" "../src/lab_01/queue.c"
../src/lab_01/queue.c: In function 'void queue_push(queue_t*, queue_data_t)':
../src/lab_01/queue.c:73:5: error: break statement not within loop or switch
     break;                                          // exit funtion without changing queue
     ^
../src/lab_01/queue.c: In function 'void queue_overwritePush(queue_t*, queue_data_t)':
../src/lab_01/queue.c:84:19: warning: the address of 'bool queue_full(queue_t*)' will always evaluate as 'true' [-Waddress]
     if (queue_full){queue_pop(q);}
                   ^
../src/lab_01/queue.c: In function 'queue_data_t queue_readElementAt(queue_t*, queue_index_t)':
../src/lab_01/queue.c:93:120: warning: format '%d' expects argument of type 'int', but argument 2 has type 'queue_index_t {aka long unsigned int}' [-Wformat=]
       printf("ERROR: Cannot access element %d because queue %s only has %d elements\n", index, q->name, q->elementCount);
                                                                                                                        ^
../src/lab_01/queue.c:93:120: warning: format '%d' expects argument of type 'int', but argument 4 has type 'queue_size_t {aka long unsigned int}' [-Wformat=]
../src/lab_01/queue.c:93:120: warning: format '%d' expects argument of type 'int', but argument 2 has type 'queue_index_t {aka long unsigned int}' [-Wformat=]
../src/lab_01/queue.c:93:120: warning: format '%d' expects argument of type 'int', but argument 4 has type 'queue_size_t {aka long unsigned int}' [-Wformat=]
../src/lab_01/queue.c: In function 'queue_size_t queue_elementCount(queue_t*)':
../src/lab_01/queue.c:112:23: warning: the address of 'bool queue_empty(queue_t*)' will always evaluate as 'true' [-Waddress]
   else if (queue_empty){return 0;}                    // check if queue is empty
                       ^
make: *** [src/lab_01/queue.o] Error 1
21:50:39 **** Auto Build of configuration Debug for project Consolidated_330_SW ****
make all 
'Building file: ../src/lab_01/queue.c'
'Invoking: ARM g++ compiler'
arm-xilinx-eabi-g++ -Wall -O0 -g3 -I"J:\ECEN_390\Xilinx\Consolidated_330_SW" -c -fmessage-length=0 -I../../Consolidated_330_SW_bsp/ps7_cortexa9_0/include -MMD -MP -MF"src/lab_01/queue.d" -MT"src/lab_01/queue.d" -o "src/lab_01/queue.o" "../src/lab_01/queue.c"
../src/lab_01/queue.c: In function 'void queue_overwritePush(queue_t*, queue_data_t)':
../src/lab_01/queue.c:84:19: warning: the address of 'bool queue_full(queue_t*)' will always evaluate as 'true' [-Waddress]
     if (queue_full){queue_pop(q);}
                   ^
../src/lab_01/queue.c: In function 'queue_data_t queue_readElementAt(queue_t*, queue_index_t)':
../src/lab_01/queue.c:93:120: warning: format '%d' expects argument of type 'int', but argument 2 has type 'queue_index_t {aka long unsigned int}' [-Wformat=]
       printf("ERROR: Cannot access element %d because queue %s only has %d elements\n", index, q->name, q->elementCount);
                                                                                                                        ^
../src/lab_01/queue.c:93:120: warning: format '%d' expects argument of type 'int', but argument 4 has type 'queue_size_t {aka long unsigned int}' [-Wformat=]
../src/lab_01/queue.c:93:120: warning: format '%d' expects argument of type 'int', but argument 2 has type 'queue_index_t {aka long unsigned int}' [-Wformat=]
../src/lab_01/queue.c:93:120: warning: format '%d' expects argument of type 'int', but argument 4 has type 'queue_size_t {aka long unsigned int}' [-Wformat=]
../src/lab_01/queue.c: In function 'queue_size_t queue_elementCount(queue_t*)':
../src/lab_01/queue.c:112:23: warning: the address of 'bool queue_empty(queue_t*)' will always evaluate as 'true' [-Waddress]
   else if (queue_empty){return 0;}                    // check if queue is empty
                       ^
'Finished building: ../src/lab_01/queue.c'
' '
'Building target: Consolidated_330_SW.elf'
'Invoking: ARM g++ linker'
arm-xilinx-eabi-g++ -Wl,-T -Wl,../src/lscript.ld -L../../Consolidated_330_SW_bsp/ps7_cortexa9_0/lib -o "Consolidated_330_SW.elf"  ./supportFiles/Adafruit_GFX.o ./supportFiles/Adafruit_STMPE610.o ./supportFiles/Adafruit_TFTLCD.o ./supportFiles/Print.o ./supportFiles/WString.o ./supportFiles/bluetooth.o ./supportFiles/circularBuffer.o ./supportFiles/display.o ./supportFiles/glcdfont.o ./supportFiles/globalTimer.o ./supportFiles/interrupts.o ./supportFiles/lcd.o ./supportFiles/leds.o ./supportFiles/mio.o ./supportFiles/new.o ./supportFiles/spi.o ./supportFiles/tftGpio.o ./supportFiles/utils.o  ./src/lab_01/main.o ./src/lab_01/queue.o   -Wl,--start-group,-lxil,-lgcc,-lc,-lstdc++,--end-group
'Finished building target: Consolidated_330_SW.elf'
' '
'Invoking: ARM Print Size'
arm-xilinx-eabi-size Consolidated_330_SW.elf  |tee "Consolidated_330_SW.elf.size"
   text	   data	    bss	    dec	    hex	filename
 211032	   3184	3010216	3224432	 313370	Consolidated_330_SW.elf
'Finished building: Consolidated_330_SW.elf.size'
' '
21:51:02 **** Auto Build of configuration Debug for project Consolidated_330_SW ****
make all 
'Building file: ../src/lab_01/queue.c'
'Invoking: ARM g++ compiler'
arm-xilinx-eabi-g++ -Wall -O0 -g3 -I"J:\ECEN_390\Xilinx\Consolidated_330_SW" -c -fmessage-length=0 -I../../Consolidated_330_SW_bsp/ps7_cortexa9_0/include -MMD -MP -MF"src/lab_01/queue.d" -MT"src/lab_01/queue.d" -o "src/lab_01/queue.o" "../src/lab_01/queue.c"
../src/lab_01/queue.c: In function 'void queue_overwritePush(queue_t*, queue_data_t)':
../src/lab_01/queue.c:84:19: warning: the address of 'bool queue_full(queue_t*)' will always evaluate as 'true' [-Waddress]
     if (queue_full){queue_pop(q);}
                   ^
../src/lab_01/queue.c: In function 'queue_size_t queue_elementCount(queue_t*)':
../src/lab_01/queue.c:112:23: warning: the address of 'bool queue_empty(queue_t*)' will always evaluate as 'true' [-Waddress]
   else if (queue_empty){return 0;}                    // check if queue is empty
                       ^
'Finished building: ../src/lab_01/queue.c'
' '
'Building target: Consolidated_330_SW.elf'
'Invoking: ARM g++ linker'
arm-xilinx-eabi-g++ -Wl,-T -Wl,../src/lscript.ld -L../../Consolidated_330_SW_bsp/ps7_cortexa9_0/lib -o "Consolidated_330_SW.elf"  ./supportFiles/Adafruit_GFX.o ./supportFiles/Adafruit_STMPE610.o ./supportFiles/Adafruit_TFTLCD.o ./supportFiles/Print.o ./supportFiles/WString.o ./supportFiles/bluetooth.o ./supportFiles/circularBuffer.o ./supportFiles/display.o ./supportFiles/glcdfont.o ./supportFiles/globalTimer.o ./supportFiles/interrupts.o ./supportFiles/lcd.o ./supportFiles/leds.o ./supportFiles/mio.o ./supportFiles/new.o ./supportFiles/spi.o ./supportFiles/tftGpio.o ./supportFiles/utils.o  ./src/lab_01/main.o ./src/lab_01/queue.o   -Wl,--start-group,-lxil,-lgcc,-lc,-lstdc++,--end-group
'Finished building target: Consolidated_330_SW.elf'
' '
'Invoking: ARM Print Size'
arm-xilinx-eabi-size Consolidated_330_SW.elf  |tee "Consolidated_330_SW.elf.size"
   text	   data	    bss	    dec	    hex	filename
 211040	   3184	3010216	3224440	 313378	Consolidated_330_SW.elf
'Finished building: Consolidated_330_SW.elf.size'
' '
21:51:16 **** Auto Build of configuration Debug for project Consolidated_330_SW ****
make all 
make: Nothing to be done for `all'.
21:51:34 **** Auto Build of configuration Debug for project Consolidated_330_SW ****
make all 
'Building file: ../src/lab_01/main.c'
'Invoking: ARM g++ compiler'
arm-xilinx-eabi-g++ -Wall -O0 -g3 -I"J:\ECEN_390\Xilinx\Consolidated_330_SW" -c -fmessage-length=0 -I../../Consolidated_330_SW_bsp/ps7_cortexa9_0/include -MMD -MP -MF"src/lab_01/main.d" -MT"src/lab_01/main.d" -o "src/lab_01/main.o" "../src/lab_01/main.c"
'Finished building: ../src/lab_01/main.c'
' '
'Building target: Consolidated_330_SW.elf'
'Invoking: ARM g++ linker'
arm-xilinx-eabi-g++ -Wl,-T -Wl,../src/lscript.ld -L../../Consolidated_330_SW_bsp/ps7_cortexa9_0/lib -o "Consolidated_330_SW.elf"  ./supportFiles/Adafruit_GFX.o ./supportFiles/Adafruit_STMPE610.o ./supportFiles/Adafruit_TFTLCD.o ./supportFiles/Print.o ./supportFiles/WString.o ./supportFiles/bluetooth.o ./supportFiles/circularBuffer.o ./supportFiles/display.o ./supportFiles/glcdfont.o ./supportFiles/globalTimer.o ./supportFiles/interrupts.o ./supportFiles/lcd.o ./supportFiles/leds.o ./supportFiles/mio.o ./supportFiles/new.o ./supportFiles/spi.o ./supportFiles/tftGpio.o ./supportFiles/utils.o  ./src/lab_01/main.o ./src/lab_01/queue.o   -Wl,--start-group,-lxil,-lgcc,-lc,-lstdc++,--end-group
'Finished building target: Consolidated_330_SW.elf'
' '
'Invoking: ARM Print Size'
arm-xilinx-eabi-size Consolidated_330_SW.elf  |tee "Consolidated_330_SW.elf.size"
   text	   data	    bss	    dec	    hex	filename
 210900	   3184	3010216	3224300	 3132ec	Consolidated_330_SW.elf
'Finished building: Consolidated_330_SW.elf.size'
' '
